******************************************************************************
                  TI ARM Linker PC v5.0.4                      
******************************************************************************
>> Linked Wed Apr 29 23:00:29 2015

OUTPUT FILE NAME:   <N_DAC.out>
ENTRY POINT SYMBOL: "_c_int00"  address: 00000ff9


MEMORY CONFIGURATION

         name            origin    length      used     unused   attr    fill
----------------------  --------  ---------  --------  --------  ----  --------
  FLASH                 00000000   00040000  000019da  0003e626  R  X
  SRAM                  20000000   00008000  00000215  00007deb  RW X


SEGMENT ALLOCATION MAP

run origin  load origin   length   init length attrs members
----------  ----------- ---------- ----------- ----- -------
00000000    00000000    000019e0   000019e0    r-x
  00000000    00000000    000011b2   000011b2    r-x .text
  000011b4    000011b4    000007f0   000007f0    r-- .const
  000019a8    000019a8    00000038   00000038    r-- .cinit
20000000    20000000    00000200   00000000    rw-
  20000000    20000000    00000200   00000000    rw- .stack
20000200    20000200    00000015   00000014    rw-
  20000200    20000200    00000014   00000014    rw- .data
  20000214    20000214    00000001   00000000    rw- .bss


SECTION ALLOCATION MAP

 output                                  attributes/
section   page    origin      length       input sections
--------  ----  ----------  ----------   ----------------
.text      0    00000000    000011b2     
                  00000000    0000090c     LCD_module.obj (.text)
                  0000090c    000001f4     ENC.obj (.text)
                  00000b00    00000130     driverlib.lib : gpio.obj (.text:GPIOPadConfigSet)
                  00000c30    00000104                   : sysctl.obj (.text:SysCtlClockSet)
                  00000d34    000000bc     main.obj (.text)
                  00000df0    0000009c     rtsv7M4_T_le_v4SPD16_eabi.lib : memcpy_t2.obj (.text)
                  00000e8c    00000094                                   : auto_init.obj (.text)
                  00000f20    00000078                                   : memset_t2.obj (.text)
                  00000f98    0000005e                                   : copy_decompress_rle.obj (.text)
                  00000ff6    00000002     --HOLE-- [fill = 0]
                  00000ff8    00000048                                   : boot.obj (.text)
                  00001040    00000044                                   : cpy_tbl.obj (.text)
                  00001084    00000040                                   : exit.obj (.text)
                  000010c4    00000034     driverlib.lib : sysctl.obj (.text:SysCtlPeripheralEnable)
                  000010f8    0000002a                   : gpio.obj (.text:GPIODirModeSet)
                  00001122    00000018                   : gpio.obj (.text:GPIOPinTypeGPIOOutput)
                  0000113a    00000002     --HOLE-- [fill = 0]
                  0000113c    00000018     rtsv7M4_T_le_v4SPD16_eabi.lib : args_main.obj (.text)
                  00001154    00000014                                   : _lock.obj (.text)
                  00001168    00000012     driverlib.lib : gpio.obj (.text:GPIOPinTypeGPIOInput)
                  0000117a    00000012     rtsv7M4_T_le_v4SPD16_eabi.lib : copy_zero_init.obj (.text:decompress:ZI)
                  0000118c    0000000e                                   : copy_decompress_none.obj (.text:decompress:none)
                  0000119a    00000006     driverlib.lib : gpio.obj (.text:GPIOPinRead)
                  000011a0    00000006                   : gpio.obj (.text:GPIOPinWrite)
                  000011a6    00000006                   : sysctl.obj (.text:SysCtlDelay)
                  000011ac    00000006     rtsv7M4_T_le_v4SPD16_eabi.lib : copy_decompress_rle.obj (.text:decompress:rle24)

.init_array 
*          0    00000000    00000000     UNINITIALIZED

.const     0    000011b4    000007f0     
                  000011b4    000007f0     LCD_module.obj (.const:LCD_ASCII)

.cinit     0    000019a8    00000038     
                  000019a8    0000000f     (.cinit..data.load) [load image, compression = rle]
                  000019b7    00000001     --HOLE-- [fill = 0]
                  000019b8    0000000c     (__TI_handler_table)
                  000019c4    00000004     --HOLE-- [fill = 0]
                  000019c8    00000008     (.cinit..bss.load) [load image, compression = zero_init]
                  000019d0    00000010     (__TI_cinit_table)

.stack     0    20000000    00000200     UNINITIALIZED
                  20000000    00000200     --HOLE--

.data      0    20000200    00000014     
                  20000200    00000008     rtsv7M4_T_le_v4SPD16_eabi.lib : _lock.obj (.data)
                  20000208    00000008                                   : exit.obj (.data)
                  20000210    00000004                                   : stkdepth_vars.obj (.data)

.bss       0    20000214    00000001     UNINITIALIZED
                  20000214    00000001     main.obj (.bss)


LINKER GENERATED COPY TABLES

__TI_cinit_table @ 000019d0 records: 2, size/record: 8, table size: 16
	.data: load addr=000019a8, load size=0000000f bytes, run addr=20000200, run size=00000014 bytes, compression=rle
	.bss: load addr=000019c8, load size=00000008 bytes, run addr=20000214, run size=00000001 bytes, compression=zero_init


LINKER GENERATED HANDLER TABLE

__TI_handler_table @ 000019b8 records: 3, size/record: 4, table size: 12
	index: 0, handler: __TI_decompress_rle24
	index: 1, handler: __TI_decompress_none
	index: 2, handler: __TI_zero_init


GLOBAL SYMBOLS: SORTED ALPHABETICALLY BY Name 

address    name
--------   ----
00001085   C$$EXIT
00000941   ENC_Read_ETH
00000a15   ENC_Write_ETH
000010f9   GPIODirModeSet
00000b01   GPIOPadConfigSet
0000119b   GPIOPinRead
00001169   GPIOPinTypeGPIOInput
00001123   GPIOPinTypeGPIOOutput
000011a1   GPIOPinWrite
000011b4   LCD_ASCII
000003e3   LCD_Test_image
00000275   LCD_address
0000046b   LCD_char_16x16
00000521   LCD_char_16x8
000002d9   LCD_clear_screen
00000369   LCD_full_display
00000065   LCD_initialization
000005df   LCD_num_16x8
00000001   LCD_pin_init
00000855   LCD_string_16x8
000000d3   LCD_transfer_command
0000019d   LCD_transfer_data
UNDEFED    SHT$$INIT_ARRAY$$Base
UNDEFED    SHT$$INIT_ARRAY$$Limit
00000c31   SysCtlClockSet
000011a7   SysCtlDelay
000010c5   SysCtlPeripheralEnable
20000200   __STACK_END
00000200   __STACK_SIZE
20000200   __STACK_TOP
000019d0   __TI_CINIT_Base
000019e0   __TI_CINIT_Limit
000019b8   __TI_Handler_Table_Base
000019c4   __TI_Handler_Table_Limit
00000001   __TI_args_main
00000e8d   __TI_auto_init
0000118d   __TI_decompress_none
000011ad   __TI_decompress_rle24
00000000   __TI_static_base__
0000117b   __TI_zero_init
00000f21   __aeabi_memclr
00000f21   __aeabi_memclr4
00000f21   __aeabi_memclr8
00000df1   __aeabi_memcpy
00000df1   __aeabi_memcpy4
00000df1   __aeabi_memcpy8
00000f23   __aeabi_memset
00000f23   __aeabi_memset4
00000f23   __aeabi_memset8
ffffffff   __binit__
ffffffff   __c_args__
20000000   __stack
0000113d   _args_main
00000ff9   _c_int00
20000208   _cleanup_ptr
2000020c   _dtors_ptr
20000200   _lock
00001163   _nop
0000115b   _register_lock
00001155   _register_unlock
20000204   _unlock
00001089   abort
ffffffff   binit
00001041   copy_in
0000090d   delay_ENC
00001091   exit
00000d35   main
20000210   main_func_sp
00000df1   memcpy
00000f29   memset
20000214   temp


GLOBAL SYMBOLS: SORTED BY Symbol Address 

address    name
--------   ----
00000000   __TI_static_base__
00000001   LCD_pin_init
00000001   __TI_args_main
00000065   LCD_initialization
000000d3   LCD_transfer_command
0000019d   LCD_transfer_data
00000200   __STACK_SIZE
00000275   LCD_address
000002d9   LCD_clear_screen
00000369   LCD_full_display
000003e3   LCD_Test_image
0000046b   LCD_char_16x16
00000521   LCD_char_16x8
000005df   LCD_num_16x8
00000855   LCD_string_16x8
0000090d   delay_ENC
00000941   ENC_Read_ETH
00000a15   ENC_Write_ETH
00000b01   GPIOPadConfigSet
00000c31   SysCtlClockSet
00000d35   main
00000df1   __aeabi_memcpy
00000df1   __aeabi_memcpy4
00000df1   __aeabi_memcpy8
00000df1   memcpy
00000e8d   __TI_auto_init
00000f21   __aeabi_memclr
00000f21   __aeabi_memclr4
00000f21   __aeabi_memclr8
00000f23   __aeabi_memset
00000f23   __aeabi_memset4
00000f23   __aeabi_memset8
00000f29   memset
00000ff9   _c_int00
00001041   copy_in
00001085   C$$EXIT
00001089   abort
00001091   exit
000010c5   SysCtlPeripheralEnable
000010f9   GPIODirModeSet
00001123   GPIOPinTypeGPIOOutput
0000113d   _args_main
00001155   _register_unlock
0000115b   _register_lock
00001163   _nop
00001169   GPIOPinTypeGPIOInput
0000117b   __TI_zero_init
0000118d   __TI_decompress_none
0000119b   GPIOPinRead
000011a1   GPIOPinWrite
000011a7   SysCtlDelay
000011ad   __TI_decompress_rle24
000011b4   LCD_ASCII
000019b8   __TI_Handler_Table_Base
000019c4   __TI_Handler_Table_Limit
000019d0   __TI_CINIT_Base
000019e0   __TI_CINIT_Limit
20000000   __stack
20000200   __STACK_END
20000200   __STACK_TOP
20000200   _lock
20000204   _unlock
20000208   _cleanup_ptr
2000020c   _dtors_ptr
20000210   main_func_sp
20000214   temp
ffffffff   __binit__
ffffffff   __c_args__
ffffffff   binit
UNDEFED    SHT$$INIT_ARRAY$$Base
UNDEFED    SHT$$INIT_ARRAY$$Limit

[71 symbols]
