******************************************************************************
                  TI ARM Linker PC v5.0.4                      
******************************************************************************
>> Linked Fri May 01 11:02:49 2015

OUTPUT FILE NAME:   <TivaEthernet.out>
ENTRY POINT SYMBOL: "_c_int00"  address: 0000137d


MEMORY CONFIGURATION

         name            origin    length      used     unused   attr    fill
----------------------  --------  ---------  --------  --------  ----  --------
  FLASH                 00000000   00040000  00001d66  0003e29a  R  X
  SRAM                  20000000   00008000  00000225  00007ddb  RW X


SEGMENT ALLOCATION MAP

run origin  load origin   length   init length attrs members
----------  ----------- ---------- ----------- ----- -------
00000000    00000000    00001d68   00001d68    r-x
  00000000    00000000    00001536   00001536    r-x .text
  00001538    00001538    000007f0   000007f0    r-- .const
  00001d28    00001d28    00000040   00000040    r-- .cinit
20000000    20000000    00000200   00000000    rw-
  20000000    20000000    00000200   00000000    rw- .stack
20000200    20000200    00000025   0000001c    rw-
  20000200    20000200    0000001c   0000001c    rw- .data
  2000021c    2000021c    00000009   00000000    rw- .bss


SECTION ALLOCATION MAP

 output                                  attributes/
section   page    origin      length       input sections
--------  ----  ----------  ----------   ----------------
.text      0    00000000    00001536     
                  00000000    0000090c     LCD_module.obj (.text)
                  0000090c    0000058c     ENC.obj (.text)
                  00000e98    00000130     driverlib.lib : gpio.obj (.text:GPIOPadConfigSet)
                  00000fc8    00000104                   : sysctl.obj (.text:SysCtlClockSet)
                  000010cc    000000a8     main.obj (.text)
                  00001174    0000009c     rtsv7M4_T_le_v4SPD16_eabi.lib : memcpy_t2.obj (.text)
                  00001210    00000094                                   : auto_init.obj (.text)
                  000012a4    00000078                                   : memset_t2.obj (.text)
                  0000131c    0000005e                                   : copy_decompress_rle.obj (.text)
                  0000137a    00000002     --HOLE-- [fill = 0]
                  0000137c    00000048                                   : boot.obj (.text)
                  000013c4    00000044                                   : cpy_tbl.obj (.text)
                  00001408    00000040                                   : exit.obj (.text)
                  00001448    00000034     driverlib.lib : sysctl.obj (.text:SysCtlPeripheralEnable)
                  0000147c    0000002a                   : gpio.obj (.text:GPIODirModeSet)
                  000014a6    00000018                   : gpio.obj (.text:GPIOPinTypeGPIOOutput)
                  000014be    00000002     --HOLE-- [fill = 0]
                  000014c0    00000018     rtsv7M4_T_le_v4SPD16_eabi.lib : args_main.obj (.text)
                  000014d8    00000014                                   : _lock.obj (.text)
                  000014ec    00000012     driverlib.lib : gpio.obj (.text:GPIOPinTypeGPIOInput)
                  000014fe    00000012     rtsv7M4_T_le_v4SPD16_eabi.lib : copy_zero_init.obj (.text:decompress:ZI)
                  00001510    0000000e                                   : copy_decompress_none.obj (.text:decompress:none)
                  0000151e    00000006     driverlib.lib : gpio.obj (.text:GPIOPinRead)
                  00001524    00000006                   : gpio.obj (.text:GPIOPinWrite)
                  0000152a    00000006                   : sysctl.obj (.text:SysCtlDelay)
                  00001530    00000006     rtsv7M4_T_le_v4SPD16_eabi.lib : copy_decompress_rle.obj (.text:decompress:rle24)

.init_array 
*          0    00000000    00000000     UNINITIALIZED

.const     0    00001538    000007f0     
                  00001538    000007f0     LCD_module.obj (.const:LCD_ASCII)

.cinit     0    00001d28    00000040     
                  00001d28    00000018     (.cinit..data.load) [load image, compression = rle]
                  00001d40    0000000c     (__TI_handler_table)
                  00001d4c    00000004     --HOLE-- [fill = 0]
                  00001d50    00000008     (.cinit..bss.load) [load image, compression = zero_init]
                  00001d58    00000010     (__TI_cinit_table)

.stack     0    20000000    00000200     UNINITIALIZED
                  20000000    00000200     --HOLE--

.data      0    20000200    0000001c     
                  20000200    00000008     rtsv7M4_T_le_v4SPD16_eabi.lib : _lock.obj (.data)
                  20000208    00000008                                   : exit.obj (.data)
                  20000210    00000006     main.obj (.data)
                  20000216    00000002     --HOLE--
                  20000218    00000004     rtsv7M4_T_le_v4SPD16_eabi.lib : stkdepth_vars.obj (.data)

.bss       0    2000021c    00000009     UNINITIALIZED
                  2000021c    00000008     ENC.obj (.bss)
                  20000224    00000001     main.obj (.bss)


LINKER GENERATED COPY TABLES

__TI_cinit_table @ 00001d58 records: 2, size/record: 8, table size: 16
	.data: load addr=00001d28, load size=00000018 bytes, run addr=20000200, run size=0000001c bytes, compression=rle
	.bss: load addr=00001d50, load size=00000008 bytes, run addr=2000021c, run size=00000009 bytes, compression=zero_init


LINKER GENERATED HANDLER TABLE

__TI_handler_table @ 00001d40 records: 3, size/record: 4, table size: 12
	index: 0, handler: __TI_decompress_rle24
	index: 1, handler: __TI_decompress_none
	index: 2, handler: __TI_zero_init


GLOBAL SYMBOLS: SORTED ALPHABETICALLY BY Name 

address    name
--------   ----
00001409   C$$EXIT
00000d09   ENC_Init
00000cb1   ENC_PHY_Write
00000a19   ENC_Pin_Init
00000c65   ENC_Read
00000b99   ENC_Read_Buf
00000a79   ENC_Read_ETH
00000aed   ENC_Read_Op
00000c21   ENC_Set_Bank
00000c7f   ENC_Write
00000be1   ENC_Write_Buf
00000aaf   ENC_Write_ETH
00000b4d   ENC_Write_Op
0000147d   GPIODirModeSet
00000e99   GPIOPadConfigSet
0000151f   GPIOPinRead
000014ed   GPIOPinTypeGPIOInput
000014a7   GPIOPinTypeGPIOOutput
00001525   GPIOPinWrite
00001538   LCD_ASCII
000003e3   LCD_Test_image
00000275   LCD_address
0000046b   LCD_char_16x16
00000521   LCD_char_16x8
000002d9   LCD_clear_screen
00000369   LCD_full_display
00000065   LCD_initialization
000005df   LCD_num_16x8
00000001   LCD_pin_init
00000855   LCD_string_16x8
000000d3   LCD_transfer_command
0000019d   LCD_transfer_data
UNDEFED    SHT$$INIT_ARRAY$$Base
UNDEFED    SHT$$INIT_ARRAY$$Limit
00000fc9   SysCtlClockSet
0000152b   SysCtlDelay
00001449   SysCtlPeripheralEnable
20000200   __STACK_END
00000200   __STACK_SIZE
20000200   __STACK_TOP
00001d58   __TI_CINIT_Base
00001d68   __TI_CINIT_Limit
00001d40   __TI_Handler_Table_Base
00001d4c   __TI_Handler_Table_Limit
00000001   __TI_args_main
00001211   __TI_auto_init
00001511   __TI_decompress_none
00001531   __TI_decompress_rle24
00000000   __TI_static_base__
000014ff   __TI_zero_init
000012a5   __aeabi_memclr
000012a5   __aeabi_memclr4
000012a5   __aeabi_memclr8
00001175   __aeabi_memcpy
00001175   __aeabi_memcpy4
00001175   __aeabi_memcpy8
000012a7   __aeabi_memset
000012a7   __aeabi_memset4
000012a7   __aeabi_memset8
ffffffff   __binit__
ffffffff   __c_args__
20000000   __stack
000014c1   _args_main
0000137d   _c_int00
20000208   _cleanup_ptr
2000020c   _dtors_ptr
20000200   _lock
000014e7   _nop
000014df   _register_lock
000014d9   _register_unlock
20000204   _unlock
0000140d   abort
ffffffff   binit
000013c5   copy_in
00001415   exit
000010cd   main
20000218   main_func_sp
00001175   memcpy
000012ad   memset
20000210   mymac
20000224   temp


GLOBAL SYMBOLS: SORTED BY Symbol Address 

address    name
--------   ----
00000000   __TI_static_base__
00000001   LCD_pin_init
00000001   __TI_args_main
00000065   LCD_initialization
000000d3   LCD_transfer_command
0000019d   LCD_transfer_data
00000200   __STACK_SIZE
00000275   LCD_address
000002d9   LCD_clear_screen
00000369   LCD_full_display
000003e3   LCD_Test_image
0000046b   LCD_char_16x16
00000521   LCD_char_16x8
000005df   LCD_num_16x8
00000855   LCD_string_16x8
00000a19   ENC_Pin_Init
00000a79   ENC_Read_ETH
00000aaf   ENC_Write_ETH
00000aed   ENC_Read_Op
00000b4d   ENC_Write_Op
00000b99   ENC_Read_Buf
00000be1   ENC_Write_Buf
00000c21   ENC_Set_Bank
00000c65   ENC_Read
00000c7f   ENC_Write
00000cb1   ENC_PHY_Write
00000d09   ENC_Init
00000e99   GPIOPadConfigSet
00000fc9   SysCtlClockSet
000010cd   main
00001175   __aeabi_memcpy
00001175   __aeabi_memcpy4
00001175   __aeabi_memcpy8
00001175   memcpy
00001211   __TI_auto_init
000012a5   __aeabi_memclr
000012a5   __aeabi_memclr4
000012a5   __aeabi_memclr8
000012a7   __aeabi_memset
000012a7   __aeabi_memset4
000012a7   __aeabi_memset8
000012ad   memset
0000137d   _c_int00
000013c5   copy_in
00001409   C$$EXIT
0000140d   abort
00001415   exit
00001449   SysCtlPeripheralEnable
0000147d   GPIODirModeSet
000014a7   GPIOPinTypeGPIOOutput
000014c1   _args_main
000014d9   _register_unlock
000014df   _register_lock
000014e7   _nop
000014ed   GPIOPinTypeGPIOInput
000014ff   __TI_zero_init
00001511   __TI_decompress_none
0000151f   GPIOPinRead
00001525   GPIOPinWrite
0000152b   SysCtlDelay
00001531   __TI_decompress_rle24
00001538   LCD_ASCII
00001d40   __TI_Handler_Table_Base
00001d4c   __TI_Handler_Table_Limit
00001d58   __TI_CINIT_Base
00001d68   __TI_CINIT_Limit
20000000   __stack
20000200   __STACK_END
20000200   __STACK_TOP
20000200   _lock
20000204   _unlock
20000208   _cleanup_ptr
2000020c   _dtors_ptr
20000210   mymac
20000218   main_func_sp
20000224   temp
ffffffff   __binit__
ffffffff   __c_args__
ffffffff   binit
UNDEFED    SHT$$INIT_ARRAY$$Base
UNDEFED    SHT$$INIT_ARRAY$$Limit

[81 symbols]
