******************************************************************************
                  TI ARM Linker PC v5.0.4                      
******************************************************************************
>> Linked Thu Apr 30 13:37:35 2015

OUTPUT FILE NAME:   <N_DAC.out>
ENTRY POINT SYMBOL: "_c_int00"  address: 00001005


MEMORY CONFIGURATION

         name            origin    length      used     unused   attr    fill
----------------------  --------  ---------  --------  --------  ----  --------
  FLASH                 00000000   00040000  000019e6  0003e61a  R  X
  SRAM                  20000000   00008000  00000215  00007deb  RW X


SEGMENT ALLOCATION MAP

run origin  load origin   length   init length attrs members
----------  ----------- ---------- ----------- ----- -------
00000000    00000000    000019e8   000019e8    r-x
  00000000    00000000    000011be   000011be    r-x .text
  000011c0    000011c0    000007f0   000007f0    r-- .const
  000019b0    000019b0    00000038   00000038    r-- .cinit
20000000    20000000    00000200   00000000    rw-
  20000000    20000000    00000200   00000000    rw- .stack
20000200    20000200    00000015   00000014    rw-
  20000200    20000200    00000014   00000014    rw- .data
  20000214    20000214    00000001   00000000    rw- .bss


SECTION ALLOCATION MAP

 output                                  attributes/
section   page    origin      length       input sections
--------  ----  ----------  ----------   ----------------
.text      0    00000000    000011be     
                  00000000    0000090c     LCD_module.obj (.text)
                  0000090c    00000264     ENC.obj (.text)
                  00000b70    00000130     driverlib.lib : gpio.obj (.text:GPIOPadConfigSet)
                  00000ca0    00000104                   : sysctl.obj (.text:SysCtlClockSet)
                  00000da4    0000009c     rtsv7M4_T_le_v4SPD16_eabi.lib : memcpy_t2.obj (.text)
                  00000e40    00000094                                   : auto_init.obj (.text)
                  00000ed4    00000078                                   : memset_t2.obj (.text)
                  00000f4c    0000005e                                   : copy_decompress_rle.obj (.text)
                  00000faa    00000002     --HOLE-- [fill = 0]
                  00000fac    00000058     main.obj (.text)
                  00001004    00000048     rtsv7M4_T_le_v4SPD16_eabi.lib : boot.obj (.text)
                  0000104c    00000044                                   : cpy_tbl.obj (.text)
                  00001090    00000040                                   : exit.obj (.text)
                  000010d0    00000034     driverlib.lib : sysctl.obj (.text:SysCtlPeripheralEnable)
                  00001104    0000002a                   : gpio.obj (.text:GPIODirModeSet)
                  0000112e    00000018                   : gpio.obj (.text:GPIOPinTypeGPIOOutput)
                  00001146    00000002     --HOLE-- [fill = 0]
                  00001148    00000018     rtsv7M4_T_le_v4SPD16_eabi.lib : args_main.obj (.text)
                  00001160    00000014                                   : _lock.obj (.text)
                  00001174    00000012     driverlib.lib : gpio.obj (.text:GPIOPinTypeGPIOInput)
                  00001186    00000012     rtsv7M4_T_le_v4SPD16_eabi.lib : copy_zero_init.obj (.text:decompress:ZI)
                  00001198    0000000e                                   : copy_decompress_none.obj (.text:decompress:none)
                  000011a6    00000006     driverlib.lib : gpio.obj (.text:GPIOPinRead)
                  000011ac    00000006                   : gpio.obj (.text:GPIOPinWrite)
                  000011b2    00000006                   : sysctl.obj (.text:SysCtlDelay)
                  000011b8    00000006     rtsv7M4_T_le_v4SPD16_eabi.lib : copy_decompress_rle.obj (.text:decompress:rle24)

.init_array 
*          0    00000000    00000000     UNINITIALIZED

.const     0    000011c0    000007f0     
                  000011c0    000007f0     LCD_module.obj (.const:LCD_ASCII)

.cinit     0    000019b0    00000038     
                  000019b0    0000000f     (.cinit..data.load) [load image, compression = rle]
                  000019bf    00000001     --HOLE-- [fill = 0]
                  000019c0    0000000c     (__TI_handler_table)
                  000019cc    00000004     --HOLE-- [fill = 0]
                  000019d0    00000008     (.cinit..bss.load) [load image, compression = zero_init]
                  000019d8    00000010     (__TI_cinit_table)

.stack     0    20000000    00000200     UNINITIALIZED
                  20000000    00000200     --HOLE--

.data      0    20000200    00000014     
                  20000200    00000008     rtsv7M4_T_le_v4SPD16_eabi.lib : _lock.obj (.data)
                  20000208    00000008                                   : exit.obj (.data)
                  20000210    00000004                                   : stkdepth_vars.obj (.data)

.bss       0    20000214    00000001     UNINITIALIZED
                  20000214    00000001     main.obj (.bss)


LINKER GENERATED COPY TABLES

__TI_cinit_table @ 000019d8 records: 2, size/record: 8, table size: 16
	.data: load addr=000019b0, load size=0000000f bytes, run addr=20000200, run size=00000014 bytes, compression=rle
	.bss: load addr=000019d0, load size=00000008 bytes, run addr=20000214, run size=00000001 bytes, compression=zero_init


LINKER GENERATED HANDLER TABLE

__TI_handler_table @ 000019c0 records: 3, size/record: 4, table size: 12
	index: 0, handler: __TI_decompress_rle24
	index: 1, handler: __TI_decompress_none
	index: 2, handler: __TI_zero_init


GLOBAL SYMBOLS: SORTED ALPHABETICALLY BY Name 

address    name
--------   ----
00001091   C$$EXIT
0000090d   ENC_Pin_Init
000009a1   ENC_Read_ETH
00000a75   ENC_Write_ETH
00001105   GPIODirModeSet
00000b71   GPIOPadConfigSet
000011a7   GPIOPinRead
00001175   GPIOPinTypeGPIOInput
0000112f   GPIOPinTypeGPIOOutput
000011ad   GPIOPinWrite
000011c0   LCD_ASCII
000003e3   LCD_Test_image
00000275   LCD_address
0000046b   LCD_char_16x16
00000521   LCD_char_16x8
000002d9   LCD_clear_screen
00000369   LCD_full_display
00000065   LCD_initialization
000005df   LCD_num_16x8
00000001   LCD_pin_init
00000855   LCD_string_16x8
000000d3   LCD_transfer_command
0000019d   LCD_transfer_data
UNDEFED    SHT$$INIT_ARRAY$$Base
UNDEFED    SHT$$INIT_ARRAY$$Limit
00000ca1   SysCtlClockSet
000011b3   SysCtlDelay
000010d1   SysCtlPeripheralEnable
20000200   __STACK_END
00000200   __STACK_SIZE
20000200   __STACK_TOP
000019d8   __TI_CINIT_Base
000019e8   __TI_CINIT_Limit
000019c0   __TI_Handler_Table_Base
000019cc   __TI_Handler_Table_Limit
00000001   __TI_args_main
00000e41   __TI_auto_init
00001199   __TI_decompress_none
000011b9   __TI_decompress_rle24
00000000   __TI_static_base__
00001187   __TI_zero_init
00000ed5   __aeabi_memclr
00000ed5   __aeabi_memclr4
00000ed5   __aeabi_memclr8
00000da5   __aeabi_memcpy
00000da5   __aeabi_memcpy4
00000da5   __aeabi_memcpy8
00000ed7   __aeabi_memset
00000ed7   __aeabi_memset4
00000ed7   __aeabi_memset8
ffffffff   __binit__
ffffffff   __c_args__
20000000   __stack
00001149   _args_main
00001005   _c_int00
20000208   _cleanup_ptr
2000020c   _dtors_ptr
20000200   _lock
0000116f   _nop
00001167   _register_lock
00001161   _register_unlock
20000204   _unlock
00001095   abort
ffffffff   binit
0000104d   copy_in
0000096d   delay_ENC
0000109d   exit
00000fad   main
20000210   main_func_sp
00000da5   memcpy
00000edd   memset
20000214   temp


GLOBAL SYMBOLS: SORTED BY Symbol Address 

address    name
--------   ----
00000000   __TI_static_base__
00000001   LCD_pin_init
00000001   __TI_args_main
00000065   LCD_initialization
000000d3   LCD_transfer_command
0000019d   LCD_transfer_data
00000200   __STACK_SIZE
00000275   LCD_address
000002d9   LCD_clear_screen
00000369   LCD_full_display
000003e3   LCD_Test_image
0000046b   LCD_char_16x16
00000521   LCD_char_16x8
000005df   LCD_num_16x8
00000855   LCD_string_16x8
0000090d   ENC_Pin_Init
0000096d   delay_ENC
000009a1   ENC_Read_ETH
00000a75   ENC_Write_ETH
00000b71   GPIOPadConfigSet
00000ca1   SysCtlClockSet
00000da5   __aeabi_memcpy
00000da5   __aeabi_memcpy4
00000da5   __aeabi_memcpy8
00000da5   memcpy
00000e41   __TI_auto_init
00000ed5   __aeabi_memclr
00000ed5   __aeabi_memclr4
00000ed5   __aeabi_memclr8
00000ed7   __aeabi_memset
00000ed7   __aeabi_memset4
00000ed7   __aeabi_memset8
00000edd   memset
00000fad   main
00001005   _c_int00
0000104d   copy_in
00001091   C$$EXIT
00001095   abort
0000109d   exit
000010d1   SysCtlPeripheralEnable
00001105   GPIODirModeSet
0000112f   GPIOPinTypeGPIOOutput
00001149   _args_main
00001161   _register_unlock
00001167   _register_lock
0000116f   _nop
00001175   GPIOPinTypeGPIOInput
00001187   __TI_zero_init
00001199   __TI_decompress_none
000011a7   GPIOPinRead
000011ad   GPIOPinWrite
000011b3   SysCtlDelay
000011b9   __TI_decompress_rle24
000011c0   LCD_ASCII
000019c0   __TI_Handler_Table_Base
000019cc   __TI_Handler_Table_Limit
000019d8   __TI_CINIT_Base
000019e8   __TI_CINIT_Limit
20000000   __stack
20000200   __STACK_END
20000200   __STACK_TOP
20000200   _lock
20000204   _unlock
20000208   _cleanup_ptr
2000020c   _dtors_ptr
20000210   main_func_sp
20000214   temp
ffffffff   __binit__
ffffffff   __c_args__
ffffffff   binit
UNDEFED    SHT$$INIT_ARRAY$$Base
UNDEFED    SHT$$INIT_ARRAY$$Limit

[72 symbols]
