******************************************************************************
                  TI ARM Linker PC v5.0.4                      
******************************************************************************
>> Linked Fri Sep 11 21:08:36 2015

OUTPUT FILE NAME:   <TivaEthernet.out>
ENTRY POINT SYMBOL: "_c_int00"  address: 00000995


MEMORY CONFIGURATION

         name            origin    length      used     unused   attr    fill
----------------------  --------  ---------  --------  --------  ----  --------
  FLASH                 00000000   00040000  00000d92  0003f26e  R  X
  SRAM                  20000000   00008000  00000814  000077ec  RW X


SEGMENT ALLOCATION MAP

run origin  load origin   length   init length attrs members
----------  ----------- ---------- ----------- ----- -------
00000000    00000000    00000d98   00000d98    r-x
  00000000    00000000    0000026c   0000026c    r-- .intvecs
  0000026c    0000026c    000009f2   000009f2    r-x .text
  00000c60    00000c60    000000fc   000000fc    r-- .const
  00000d60    00000d60    00000038   00000038    r-- .cinit
20000000    20000000    00000800   00000000    rw-
  20000000    20000000    00000600   00000000    rw- .bss
  20000600    20000600    00000200   00000000    rw- .stack
20000800    20000800    00000014   00000014    rw-
  20000800    20000800    00000014   00000014    rw- .data


SECTION ALLOCATION MAP

 output                                  attributes/
section   page    origin      length       input sections
--------  ----  ----------  ----------   ----------------
.intvecs   0    00000000    0000026c     
                  00000000    0000026c     startup_ccs.obj (.intvecs)

.init_array 
*          0    00000000    00000000     UNINITIALIZED

.text      0    0000026c    000009f2     
                  0000026c    000001a8     UART.obj (.text)
                  00000414    00000130     driverlib.lib : gpio.obj (.text:GPIOPadConfigSet)
                  00000544    00000120     main.obj (.text)
                  00000664    000000c8     driverlib.lib : sysctl.obj (.text:SysCtlClockGet)
                  0000072c    0000009c     rtsv7M4_T_le_v4SPD16_eabi.lib : memcpy_t2.obj (.text)
                  000007c8    00000094                                   : auto_init.obj (.text)
                  0000085c    00000090     NRF.obj (.text)
                  000008ec    0000005e     rtsv7M4_T_le_v4SPD16_eabi.lib : copy_decompress_rle.obj (.text)
                  0000094a    00000002     --HOLE-- [fill = 0]
                  0000094c    00000048     driverlib.lib : gpio.obj (.text:GPIOPinConfigure)
                  00000994    00000048     rtsv7M4_T_le_v4SPD16_eabi.lib : boot.obj (.text)
                  000009dc    00000044                                   : cpy_tbl.obj (.text)
                  00000a20    00000042     driverlib.lib : ssi.obj (.text:SSIConfigSetExpClk)
                  00000a62    00000040                   : uart.obj (.text:UARTConfigSetExpClk)
                  00000aa2    00000002     --HOLE-- [fill = 0]
                  00000aa4    00000040     rtsv7M4_T_le_v4SPD16_eabi.lib : exit.obj (.text)
                  00000ae4    00000034     driverlib.lib : sysctl.obj (.text:SysCtlPeripheralEnable)
                  00000b18    0000002a                   : gpio.obj (.text:GPIODirModeSet)
                  00000b42    00000002     --HOLE-- [fill = 0]
                  00000b44    0000001c                   : uart.obj (.text:UARTDisable)
                  00000b60    00000018                   : gpio.obj (.text:GPIOPinTypeGPIOOutput)
                  00000b78    00000018     rtsv7M4_T_le_v4SPD16_eabi.lib : args_main.obj (.text)
                  00000b90    00000014     driverlib.lib : uart.obj (.text:UARTEnable)
                  00000ba4    00000014     rtsv7M4_T_le_v4SPD16_eabi.lib : _lock.obj (.text)
                  00000bb8    00000012     driverlib.lib : gpio.obj (.text:GPIOPinTypeSSI)
                  00000bca    00000012                   : gpio.obj (.text:GPIOPinTypeUART)
                  00000bdc    00000012     rtsv7M4_T_le_v4SPD16_eabi.lib : copy_zero_init.obj (.text:decompress:ZI)
                  00000bee    0000000e                                   : copy_decompress_none.obj (.text:decompress:none)
                  00000bfc    0000000c     driverlib.lib : ssi.obj (.text:SSIDataGet)
                  00000c08    0000000c                   : uart.obj (.text:UARTCharsAvail)
                  00000c14    0000000c     startup_ccs.obj (.text)
                  00000c20    0000000a     driverlib.lib : ssi.obj (.text:SSIDataPut)
                  00000c2a    0000000a                   : ssi.obj (.text:SSIDisable)
                  00000c34    0000000a                   : ssi.obj (.text:SSIEnable)
                  00000c3e    0000000a                   : uart.obj (.text:UARTCharGet)
                  00000c48    0000000a                   : uart.obj (.text:UARTCharPut)
                  00000c52    00000006                   : gpio.obj (.text:GPIOPinWrite)
                  00000c58    00000006     rtsv7M4_T_le_v4SPD16_eabi.lib : copy_decompress_rle.obj (.text:decompress:rle24)

.const     0    00000c60    000000fc     
                  00000c60    00000090     driverlib.lib : gpio.obj (.const:g_pui32GPIOBaseAddrs)
                  00000cf0    0000006c                   : sysctl.obj (.const:g_pui32Xtals)

.cinit     0    00000d60    00000038     
                  00000d60    0000000f     (.cinit..data.load) [load image, compression = rle]
                  00000d6f    00000001     --HOLE-- [fill = 0]
                  00000d70    0000000c     (__TI_handler_table)
                  00000d7c    00000004     --HOLE-- [fill = 0]
                  00000d80    00000008     (.cinit..bss.load) [load image, compression = zero_init]
                  00000d88    00000010     (__TI_cinit_table)

.bss       0    20000000    00000600     UNINITIALIZED
                  20000000    00000400     main.obj (.bss:TMP)
                  20000400    00000100     UART.obj (.bss:UART1_Buffer)
                  20000500    00000100     UART.obj (.bss:UART2_Buffer)

.stack     0    20000600    00000200     UNINITIALIZED
                  20000600    00000200     --HOLE--

.data      0    20000800    00000014     
                  20000800    00000008     rtsv7M4_T_le_v4SPD16_eabi.lib : _lock.obj (.data)
                  20000808    00000008                                   : exit.obj (.data)
                  20000810    00000004                                   : stkdepth_vars.obj (.data)


LINKER GENERATED COPY TABLES

__TI_cinit_table @ 00000d88 records: 2, size/record: 8, table size: 16
	.data: load addr=00000d60, load size=0000000f bytes, run addr=20000800, run size=00000014 bytes, compression=rle
	.bss: load addr=00000d80, load size=00000008 bytes, run addr=20000000, run size=00000600 bytes, compression=zero_init


LINKER GENERATED HANDLER TABLE

__TI_handler_table @ 00000d70 records: 3, size/record: 4, table size: 12
	index: 0, handler: __TI_decompress_rle24
	index: 1, handler: __TI_decompress_none
	index: 2, handler: __TI_zero_init


GLOBAL SYMBOLS: SORTED ALPHABETICALLY BY Name 

address    name
--------   ----
00000aa5   C$$EXIT
00000b19   GPIODirModeSet
00000415   GPIOPadConfigSet
0000094d   GPIOPinConfigure
00000b61   GPIOPinTypeGPIOOutput
00000bb9   GPIOPinTypeSSI
00000bcb   GPIOPinTypeUART
00000c53   GPIOPinWrite
0000085d   Init_NRF24L01
0000026d   Init_UART
00000c15   ResetISR
UNDEFED    SHT$$INIT_ARRAY$$Base
UNDEFED    SHT$$INIT_ARRAY$$Limit
00000545   SPI_RW
00000a21   SSIConfigSetExpClk
00000bfd   SSIDataGet
00000c21   SSIDataPut
00000c2b   SSIDisable
00000c35   SSIEnable
00000665   SysCtlClockGet
00000ae5   SysCtlPeripheralEnable
20000000   TMP
000002ff   UART0IntHandler
00000311   UART1IntHandler
20000400   UART1_Buffer
00000373   UART1_Receive
00000323   UART1_Send
20000500   UART2_Buffer
000003af   UART2_Receive
0000034b   UART2_Send
00000c3f   UARTCharGet
00000c49   UARTCharPut
00000c09   UARTCharsAvail
00000a63   UARTConfigSetExpClk
00000b45   UARTDisable
00000b91   UARTEnable
20000800   __STACK_END
00000200   __STACK_SIZE
20000800   __STACK_TOP
00000d88   __TI_CINIT_Base
00000d98   __TI_CINIT_Limit
00000d70   __TI_Handler_Table_Base
00000d7c   __TI_Handler_Table_Limit
00000001   __TI_args_main
000007c9   __TI_auto_init
00000bef   __TI_decompress_none
00000c59   __TI_decompress_rle24
00000000   __TI_static_base__
00000bdd   __TI_zero_init
0000072d   __aeabi_memcpy
0000072d   __aeabi_memcpy4
0000072d   __aeabi_memcpy8
ffffffff   __binit__
ffffffff   __c_args__
20000600   __stack
00000b79   _args_main
00000995   _c_int00
20000808   _cleanup_ptr
2000080c   _dtors_ptr
20000800   _lock
00000bb3   _nop
00000bab   _register_lock
00000ba5   _register_unlock
20000804   _unlock
00000aa9   abort
ffffffff   binit
000009dd   copy_in
00000ab1   exit
00000000   g_pfnVectors
00000561   main
20000810   main_func_sp
0000072d   memcpy


GLOBAL SYMBOLS: SORTED BY Symbol Address 

address    name
--------   ----
00000000   __TI_static_base__
00000000   g_pfnVectors
00000001   __TI_args_main
00000200   __STACK_SIZE
0000026d   Init_UART
000002ff   UART0IntHandler
00000311   UART1IntHandler
00000323   UART1_Send
0000034b   UART2_Send
00000373   UART1_Receive
000003af   UART2_Receive
00000415   GPIOPadConfigSet
00000545   SPI_RW
00000561   main
00000665   SysCtlClockGet
0000072d   __aeabi_memcpy
0000072d   __aeabi_memcpy4
0000072d   __aeabi_memcpy8
0000072d   memcpy
000007c9   __TI_auto_init
0000085d   Init_NRF24L01
0000094d   GPIOPinConfigure
00000995   _c_int00
000009dd   copy_in
00000a21   SSIConfigSetExpClk
00000a63   UARTConfigSetExpClk
00000aa5   C$$EXIT
00000aa9   abort
00000ab1   exit
00000ae5   SysCtlPeripheralEnable
00000b19   GPIODirModeSet
00000b45   UARTDisable
00000b61   GPIOPinTypeGPIOOutput
00000b79   _args_main
00000b91   UARTEnable
00000ba5   _register_unlock
00000bab   _register_lock
00000bb3   _nop
00000bb9   GPIOPinTypeSSI
00000bcb   GPIOPinTypeUART
00000bdd   __TI_zero_init
00000bef   __TI_decompress_none
00000bfd   SSIDataGet
00000c09   UARTCharsAvail
00000c15   ResetISR
00000c21   SSIDataPut
00000c2b   SSIDisable
00000c35   SSIEnable
00000c3f   UARTCharGet
00000c49   UARTCharPut
00000c53   GPIOPinWrite
00000c59   __TI_decompress_rle24
00000d70   __TI_Handler_Table_Base
00000d7c   __TI_Handler_Table_Limit
00000d88   __TI_CINIT_Base
00000d98   __TI_CINIT_Limit
20000000   TMP
20000400   UART1_Buffer
20000500   UART2_Buffer
20000600   __stack
20000800   __STACK_END
20000800   __STACK_TOP
20000800   _lock
20000804   _unlock
20000808   _cleanup_ptr
2000080c   _dtors_ptr
20000810   main_func_sp
ffffffff   __binit__
ffffffff   __c_args__
ffffffff   binit
UNDEFED    SHT$$INIT_ARRAY$$Base
UNDEFED    SHT$$INIT_ARRAY$$Limit

[72 symbols]
