******************************************************************************
                  TI ARM Linker PC v5.0.4                      
******************************************************************************
>> Linked Sat Sep 12 11:55:49 2015

OUTPUT FILE NAME:   <TivaEthernet.out>
ENTRY POINT SYMBOL: "_c_int00"  address: 000015f5


MEMORY CONFIGURATION

         name            origin    length      used     unused   attr    fill
----------------------  --------  ---------  --------  --------  ----  --------
  FLASH                 00000000   00040000  0000195c  0003e6a4  R  X
  SRAM                  20000000   00008000  00000519  00007ae7  RW X


SEGMENT ALLOCATION MAP

run origin  load origin   length   init length attrs members
----------  ----------- ---------- ----------- ----- -------
00000000    00000000    00001960   00001960    r-x
  00000000    00000000    0000026c   0000026c    r-- .intvecs
  0000026c    0000026c    000015bc   000015bc    r-x .text
  00001828    00001828    000000fc   000000fc    r-- .const
  00001928    00001928    00000038   00000038    r-- .cinit
20000000    20000000    00000508   00000000    rw-
  20000000    20000000    00000305   00000000    rw- .bss
  20000308    20000308    00000200   00000000    rw- .stack
20000508    20000508    00000014   00000014    rw-
  20000508    20000508    00000014   00000014    rw- .data


SECTION ALLOCATION MAP

 output                                  attributes/
section   page    origin      length       input sections
--------  ----  ----------  ----------   ----------------
.intvecs   0    00000000    0000026c     
                  00000000    0000026c     startup_ccs.obj (.intvecs)

.init_array 
*          0    00000000    00000000     UNINITIALIZED

.text      0    0000026c    000015bc     
                  0000026c    000007ac     TFT.obj (.text)
                  00000a18    000003c8     Soft_SPI.obj (.text)
                  00000de0    0000029c     main.obj (.text)
                  0000107c    000001a8     UART.obj (.text)
                  00001224    00000130     driverlib.lib : gpio.obj (.text:GPIOPadConfigSet)
                  00001354    000000c8                   : sysctl.obj (.text:SysCtlClockGet)
                  0000141c    0000009c     rtsv7M4_T_le_v4SPD16_eabi.lib : memcpy_t2.obj (.text)
                  000014b8    00000094                                   : auto_init.obj (.text)
                  0000154c    0000005e                                   : copy_decompress_rle.obj (.text)
                  000015aa    00000002     --HOLE-- [fill = 0]
                  000015ac    00000048     driverlib.lib : gpio.obj (.text:GPIOPinConfigure)
                  000015f4    00000048     rtsv7M4_T_le_v4SPD16_eabi.lib : boot.obj (.text)
                  0000163c    00000044                                   : cpy_tbl.obj (.text)
                  00001680    00000040     driverlib.lib : uart.obj (.text:UARTConfigSetExpClk)
                  000016c0    00000040     rtsv7M4_T_le_v4SPD16_eabi.lib : exit.obj (.text)
                  00001700    0000002a     driverlib.lib : gpio.obj (.text:GPIODirModeSet)
                  0000172a    00000002     --HOLE-- [fill = 0]
                  0000172c    0000001c                   : uart.obj (.text:UARTDisable)
                  00001748    00000018                   : gpio.obj (.text:GPIOPinTypeGPIOOutput)
                  00001760    00000018     rtsv7M4_T_le_v4SPD16_eabi.lib : args_main.obj (.text)
                  00001778    00000014     driverlib.lib : uart.obj (.text:UARTEnable)
                  0000178c    00000014     rtsv7M4_T_le_v4SPD16_eabi.lib : _lock.obj (.text)
                  000017a0    00000012     driverlib.lib : gpio.obj (.text:GPIOPinTypeGPIOInput)
                  000017b2    00000012                   : gpio.obj (.text:GPIOPinTypeUART)
                  000017c4    00000012     rtsv7M4_T_le_v4SPD16_eabi.lib : copy_zero_init.obj (.text:decompress:ZI)
                  000017d6    0000000e                                   : copy_decompress_none.obj (.text:decompress:none)
                  000017e4    0000000c     driverlib.lib : uart.obj (.text:UARTCharsAvail)
                  000017f0    0000000c     startup_ccs.obj (.text)
                  000017fc    0000000a     driverlib.lib : uart.obj (.text:UARTCharGet)
                  00001806    0000000a                   : uart.obj (.text:UARTCharPut)
                  00001810    00000006                   : gpio.obj (.text:GPIOPinRead)
                  00001816    00000006                   : gpio.obj (.text:GPIOPinWrite)
                  0000181c    00000006                   : sysctl.obj (.text:SysCtlDelay)
                  00001822    00000006     rtsv7M4_T_le_v4SPD16_eabi.lib : copy_decompress_rle.obj (.text:decompress:rle24)

.const     0    00001828    000000fc     
                  00001828    00000090     driverlib.lib : gpio.obj (.const:g_pui32GPIOBaseAddrs)
                  000018b8    0000006c                   : sysctl.obj (.const:g_pui32Xtals)

.cinit     0    00001928    00000038     
                  00001928    0000000f     (.cinit..data.load) [load image, compression = rle]
                  00001937    00000001     --HOLE-- [fill = 0]
                  00001938    0000000c     (__TI_handler_table)
                  00001944    00000004     --HOLE-- [fill = 0]
                  00001948    00000008     (.cinit..bss.load) [load image, compression = zero_init]
                  00001950    00000010     (__TI_cinit_table)

.bss       0    20000000    00000305     UNINITIALIZED
                  20000000    00000100     main.obj (.bss:TMP)
                  20000100    00000100     UART.obj (.bss:UART1_Buffer)
                  20000200    00000100     UART.obj (.bss:UART2_Buffer)
                  20000300    00000004     TFT.obj (.bss)
                  20000304    00000001     main.obj (.bss)

.stack     0    20000308    00000200     UNINITIALIZED
                  20000308    00000200     --HOLE--

.data      0    20000508    00000014     
                  20000508    00000008     rtsv7M4_T_le_v4SPD16_eabi.lib : _lock.obj (.data)
                  20000510    00000008                                   : exit.obj (.data)
                  20000518    00000004                                   : stkdepth_vars.obj (.data)


LINKER GENERATED COPY TABLES

__TI_cinit_table @ 00001950 records: 2, size/record: 8, table size: 16
	.data: load addr=00001928, load size=0000000f bytes, run addr=20000508, run size=00000014 bytes, compression=rle
	.bss: load addr=00001948, load size=00000008 bytes, run addr=20000000, run size=00000305 bytes, compression=zero_init


LINKER GENERATED HANDLER TABLE

__TI_handler_table @ 00001938 records: 3, size/record: 4, table size: 12
	index: 0, handler: __TI_decompress_rle24
	index: 1, handler: __TI_decompress_none
	index: 2, handler: __TI_zero_init


GLOBAL SYMBOLS: SORTED ALPHABETICALLY BY Name 

address    name
--------   ----
000005ad   Address_set
20000300   BACK_COLOR
000016c1   C$$EXIT
000008b9   Draw_Circle
00001701   GPIODirModeSet
00001225   GPIOPadConfigSet
000015ad   GPIOPinConfigure
00001811   GPIOPinRead
000017a1   GPIOPinTypeGPIOInput
00001749   GPIOPinTypeGPIOOutput
000017b3   GPIOPinTypeUART
00001817   GPIOPinWrite
00000361   Init_TFT
0000107d   Init_UART
00000619   LCD_Clear
0000074b   LCD_DrawLine
0000067b   LCD_DrawPoint
000006a3   LCD_DrawPoint_big
00000851   LCD_DrawRectangle
000006d9   LCD_Fill
000002eb   LCD_WR_DATA
00000347   LCD_WR_DATA8
00000311   LCD_WR_REG
0000032b   LCD_WR_REG_DATA
00000287   LCD_Writ_Bus
20000302   POINT_COLOR
000017f1   ResetISR
UNDEFED    SHT$$INIT_ARRAY$$Base
UNDEFED    SHT$$INIT_ARRAY$$Limit
00000bb7   SPI1_Init
00000a19   SPI1_RW
00000ac5   SPI1_RW_Reg
00000a93   SPI1_Read
00000afd   SPI1_Read_Buf
00000b5b   SPI1_Write_Buf
00000c03   SPI2_Init
00000c27   SPI2_RW
00000cd9   SPI2_RW_Reg
00000ca1   SPI2_Read
00000d11   SPI2_Read_Buf
00000d6f   SPI2_Write_Buf
00001355   SysCtlClockGet
0000181d   SysCtlDelay
20000000   TMP
0000110f   UART0IntHandler
00001121   UART1IntHandler
20000100   UART1_Buffer
00001183   UART1_Receive
00001133   UART1_Send
20000200   UART2_Buffer
000011bf   UART2_Receive
0000115b   UART2_Send
000017fd   UARTCharGet
00001807   UARTCharPut
000017e5   UARTCharsAvail
00001681   UARTConfigSetExpClk
0000172d   UARTDisable
00001779   UARTEnable
20000508   __STACK_END
00000200   __STACK_SIZE
20000508   __STACK_TOP
00001950   __TI_CINIT_Base
00001960   __TI_CINIT_Limit
00001938   __TI_Handler_Table_Base
00001944   __TI_Handler_Table_Limit
00000001   __TI_args_main
000014b9   __TI_auto_init
000017d7   __TI_decompress_none
00001823   __TI_decompress_rle24
00000000   __TI_static_base__
000017c5   __TI_zero_init
0000141d   __aeabi_memcpy
0000141d   __aeabi_memcpy4
0000141d   __aeabi_memcpy8
ffffffff   __binit__
ffffffff   __c_args__
20000308   __stack
00001761   _args_main
000015f5   _c_int00
20000510   _cleanup_ptr
20000514   _dtors_ptr
20000508   _lock
0000179b   _nop
00001793   _register_lock
0000178d   _register_unlock
2000050c   _unlock
000016c5   abort
ffffffff   binit
0000163d   copy_in
0000026d   delay_ms
000016cd   exit
00000000   g_pfnVectors
00000de1   main
20000518   main_func_sp
0000141d   memcpy
20000304   o


GLOBAL SYMBOLS: SORTED BY Symbol Address 

address    name
--------   ----
00000000   __TI_static_base__
00000000   g_pfnVectors
00000001   __TI_args_main
00000200   __STACK_SIZE
0000026d   delay_ms
00000287   LCD_Writ_Bus
000002eb   LCD_WR_DATA
00000311   LCD_WR_REG
0000032b   LCD_WR_REG_DATA
00000347   LCD_WR_DATA8
00000361   Init_TFT
000005ad   Address_set
00000619   LCD_Clear
0000067b   LCD_DrawPoint
000006a3   LCD_DrawPoint_big
000006d9   LCD_Fill
0000074b   LCD_DrawLine
00000851   LCD_DrawRectangle
000008b9   Draw_Circle
00000a19   SPI1_RW
00000a93   SPI1_Read
00000ac5   SPI1_RW_Reg
00000afd   SPI1_Read_Buf
00000b5b   SPI1_Write_Buf
00000bb7   SPI1_Init
00000c03   SPI2_Init
00000c27   SPI2_RW
00000ca1   SPI2_Read
00000cd9   SPI2_RW_Reg
00000d11   SPI2_Read_Buf
00000d6f   SPI2_Write_Buf
00000de1   main
0000107d   Init_UART
0000110f   UART0IntHandler
00001121   UART1IntHandler
00001133   UART1_Send
0000115b   UART2_Send
00001183   UART1_Receive
000011bf   UART2_Receive
00001225   GPIOPadConfigSet
00001355   SysCtlClockGet
0000141d   __aeabi_memcpy
0000141d   __aeabi_memcpy4
0000141d   __aeabi_memcpy8
0000141d   memcpy
000014b9   __TI_auto_init
000015ad   GPIOPinConfigure
000015f5   _c_int00
0000163d   copy_in
00001681   UARTConfigSetExpClk
000016c1   C$$EXIT
000016c5   abort
000016cd   exit
00001701   GPIODirModeSet
0000172d   UARTDisable
00001749   GPIOPinTypeGPIOOutput
00001761   _args_main
00001779   UARTEnable
0000178d   _register_unlock
00001793   _register_lock
0000179b   _nop
000017a1   GPIOPinTypeGPIOInput
000017b3   GPIOPinTypeUART
000017c5   __TI_zero_init
000017d7   __TI_decompress_none
000017e5   UARTCharsAvail
000017f1   ResetISR
000017fd   UARTCharGet
00001807   UARTCharPut
00001811   GPIOPinRead
00001817   GPIOPinWrite
0000181d   SysCtlDelay
00001823   __TI_decompress_rle24
00001938   __TI_Handler_Table_Base
00001944   __TI_Handler_Table_Limit
00001950   __TI_CINIT_Base
00001960   __TI_CINIT_Limit
20000000   TMP
20000100   UART1_Buffer
20000200   UART2_Buffer
20000300   BACK_COLOR
20000302   POINT_COLOR
20000304   o
20000308   __stack
20000508   __STACK_END
20000508   __STACK_TOP
20000508   _lock
2000050c   _unlock
20000510   _cleanup_ptr
20000514   _dtors_ptr
20000518   main_func_sp
ffffffff   __binit__
ffffffff   __c_args__
ffffffff   binit
UNDEFED    SHT$$INIT_ARRAY$$Base
UNDEFED    SHT$$INIT_ARRAY$$Limit

[96 symbols]
