******************************************************************************
                  TI ARM Linker PC v5.0.4                      
******************************************************************************
>> Linked Wed Sep 09 16:48:58 2015

OUTPUT FILE NAME:   <TivaEthernet.out>
ENTRY POINT SYMBOL: "_c_int00"  address: 00000909


MEMORY CONFIGURATION

         name            origin    length      used     unused   attr    fill
----------------------  --------  ---------  --------  --------  ----  --------
  FLASH                 00000000   00040000  00000cd4  0003f32c  R  X
  SRAM                  20000000   00008000  00000414  00007bec  RW X


SEGMENT ALLOCATION MAP

run origin  load origin   length   init length attrs members
----------  ----------- ---------- ----------- ----- -------
00000000    00000000    00000cd8   00000cd8    r-x
  00000000    00000000    0000026c   0000026c    r-- .intvecs
  0000026c    0000026c    00000934   00000934    r-x .text
  00000ba0    00000ba0    000000fc   000000fc    r-- .const
  00000ca0    00000ca0    00000038   00000038    r-- .cinit
20000000    20000000    00000400   00000000    rw-
  20000000    20000000    00000200   00000000    rw- .bss
  20000200    20000200    00000200   00000000    rw- .stack
20000400    20000400    00000014   00000014    rw-
  20000400    20000400    00000014   00000014    rw- .data


SECTION ALLOCATION MAP

 output                                  attributes/
section   page    origin      length       input sections
--------  ----  ----------  ----------   ----------------
.intvecs   0    00000000    0000026c     
                  00000000    0000026c     startup_ccs.obj (.intvecs)

.init_array 
*          0    00000000    00000000     UNINITIALIZED

.text      0    0000026c    00000934     
                  0000026c    000001a8     UART.obj (.text)
                  00000414    00000130     driverlib.lib : gpio.obj (.text:GPIOPadConfigSet)
                  00000544    000000c8                   : sysctl.obj (.text:SysCtlClockGet)
                  0000060c    0000009c     rtsv7M4_T_le_v4SPD16_eabi.lib : memcpy_t2.obj (.text)
                  000006a8    00000094     main.obj (.text)
                  0000073c    00000094     rtsv7M4_T_le_v4SPD16_eabi.lib : auto_init.obj (.text)
                  000007d0    00000090     NRF.obj (.text)
                  00000860    0000005e     rtsv7M4_T_le_v4SPD16_eabi.lib : copy_decompress_rle.obj (.text)
                  000008be    00000002     --HOLE-- [fill = 0]
                  000008c0    00000048     driverlib.lib : gpio.obj (.text:GPIOPinConfigure)
                  00000908    00000048     rtsv7M4_T_le_v4SPD16_eabi.lib : boot.obj (.text)
                  00000950    00000044                                   : cpy_tbl.obj (.text)
                  00000994    00000042     driverlib.lib : ssi.obj (.text:SSIConfigSetExpClk)
                  000009d6    00000040                   : uart.obj (.text:UARTConfigSetExpClk)
                  00000a16    00000002     --HOLE-- [fill = 0]
                  00000a18    00000040     rtsv7M4_T_le_v4SPD16_eabi.lib : exit.obj (.text)
                  00000a58    00000034     driverlib.lib : sysctl.obj (.text:SysCtlPeripheralEnable)
                  00000a8c    0000002a                   : gpio.obj (.text:GPIODirModeSet)
                  00000ab6    00000002     --HOLE-- [fill = 0]
                  00000ab8    0000001c                   : uart.obj (.text:UARTDisable)
                  00000ad4    00000018     rtsv7M4_T_le_v4SPD16_eabi.lib : args_main.obj (.text)
                  00000aec    00000014     driverlib.lib : uart.obj (.text:UARTEnable)
                  00000b00    00000014     rtsv7M4_T_le_v4SPD16_eabi.lib : _lock.obj (.text)
                  00000b14    00000012     driverlib.lib : gpio.obj (.text:GPIOPinTypeSSI)
                  00000b26    00000012                   : gpio.obj (.text:GPIOPinTypeUART)
                  00000b38    00000012     rtsv7M4_T_le_v4SPD16_eabi.lib : copy_zero_init.obj (.text:decompress:ZI)
                  00000b4a    0000000e                                   : copy_decompress_none.obj (.text:decompress:none)
                  00000b58    0000000c     driverlib.lib : ssi.obj (.text:SSIDataGet)
                  00000b64    0000000c                   : uart.obj (.text:UARTCharsAvail)
                  00000b70    0000000c     startup_ccs.obj (.text)
                  00000b7c    0000000a     driverlib.lib : ssi.obj (.text:SSIEnable)
                  00000b86    0000000a                   : uart.obj (.text:UARTCharGet)
                  00000b90    0000000a                   : uart.obj (.text:UARTCharPut)
                  00000b9a    00000006     rtsv7M4_T_le_v4SPD16_eabi.lib : copy_decompress_rle.obj (.text:decompress:rle24)

.const     0    00000ba0    000000fc     
                  00000ba0    00000090     driverlib.lib : gpio.obj (.const:g_pui32GPIOBaseAddrs)
                  00000c30    0000006c                   : sysctl.obj (.const:g_pui32Xtals)

.cinit     0    00000ca0    00000038     
                  00000ca0    0000000f     (.cinit..data.load) [load image, compression = rle]
                  00000caf    00000001     --HOLE-- [fill = 0]
                  00000cb0    0000000c     (__TI_handler_table)
                  00000cbc    00000004     --HOLE-- [fill = 0]
                  00000cc0    00000008     (.cinit..bss.load) [load image, compression = zero_init]
                  00000cc8    00000010     (__TI_cinit_table)

.bss       0    20000000    00000200     UNINITIALIZED
                  20000000    00000100     UART.obj (.bss:UART1_Buffer)
                  20000100    00000100     UART.obj (.bss:UART2_Buffer)

.stack     0    20000200    00000200     UNINITIALIZED
                  20000200    00000200     --HOLE--

.data      0    20000400    00000014     
                  20000400    00000008     rtsv7M4_T_le_v4SPD16_eabi.lib : _lock.obj (.data)
                  20000408    00000008                                   : exit.obj (.data)
                  20000410    00000004                                   : stkdepth_vars.obj (.data)


LINKER GENERATED COPY TABLES

__TI_cinit_table @ 00000cc8 records: 2, size/record: 8, table size: 16
	.data: load addr=00000ca0, load size=0000000f bytes, run addr=20000400, run size=00000014 bytes, compression=rle
	.bss: load addr=00000cc0, load size=00000008 bytes, run addr=20000000, run size=00000200 bytes, compression=zero_init


LINKER GENERATED HANDLER TABLE

__TI_handler_table @ 00000cb0 records: 3, size/record: 4, table size: 12
	index: 0, handler: __TI_decompress_rle24
	index: 1, handler: __TI_decompress_none
	index: 2, handler: __TI_zero_init


GLOBAL SYMBOLS: SORTED ALPHABETICALLY BY Name 

address    name
--------   ----
00000a19   C$$EXIT
00000a8d   GPIODirModeSet
00000415   GPIOPadConfigSet
000008c1   GPIOPinConfigure
00000b15   GPIOPinTypeSSI
00000b27   GPIOPinTypeUART
000007d1   Init_NRF24L01
0000026d   Init_UART
00000b71   ResetISR
UNDEFED    SHT$$INIT_ARRAY$$Base
UNDEFED    SHT$$INIT_ARRAY$$Limit
00000995   SSIConfigSetExpClk
00000b59   SSIDataGet
00000b7d   SSIEnable
00000545   SysCtlClockGet
00000a59   SysCtlPeripheralEnable
000002ff   UART0IntHandler
00000311   UART1IntHandler
20000000   UART1_Buffer
00000373   UART1_Receive
00000323   UART1_Send
20000100   UART2_Buffer
000003af   UART2_Receive
0000034b   UART2_Send
00000b87   UARTCharGet
00000b91   UARTCharPut
00000b65   UARTCharsAvail
000009d7   UARTConfigSetExpClk
00000ab9   UARTDisable
00000aed   UARTEnable
20000400   __STACK_END
00000200   __STACK_SIZE
20000400   __STACK_TOP
00000cc8   __TI_CINIT_Base
00000cd8   __TI_CINIT_Limit
00000cb0   __TI_Handler_Table_Base
00000cbc   __TI_Handler_Table_Limit
00000001   __TI_args_main
0000073d   __TI_auto_init
00000b4b   __TI_decompress_none
00000b9b   __TI_decompress_rle24
00000000   __TI_static_base__
00000b39   __TI_zero_init
0000060d   __aeabi_memcpy
0000060d   __aeabi_memcpy4
0000060d   __aeabi_memcpy8
ffffffff   __binit__
ffffffff   __c_args__
20000200   __stack
00000ad5   _args_main
00000909   _c_int00
20000408   _cleanup_ptr
2000040c   _dtors_ptr
20000400   _lock
00000b0f   _nop
00000b07   _register_lock
00000b01   _register_unlock
20000404   _unlock
00000a1d   abort
ffffffff   binit
00000951   copy_in
00000a25   exit
00000000   g_pfnVectors
000006a9   main
20000410   main_func_sp
0000060d   memcpy


GLOBAL SYMBOLS: SORTED BY Symbol Address 

address    name
--------   ----
00000000   __TI_static_base__
00000000   g_pfnVectors
00000001   __TI_args_main
00000200   __STACK_SIZE
0000026d   Init_UART
000002ff   UART0IntHandler
00000311   UART1IntHandler
00000323   UART1_Send
0000034b   UART2_Send
00000373   UART1_Receive
000003af   UART2_Receive
00000415   GPIOPadConfigSet
00000545   SysCtlClockGet
0000060d   __aeabi_memcpy
0000060d   __aeabi_memcpy4
0000060d   __aeabi_memcpy8
0000060d   memcpy
000006a9   main
0000073d   __TI_auto_init
000007d1   Init_NRF24L01
000008c1   GPIOPinConfigure
00000909   _c_int00
00000951   copy_in
00000995   SSIConfigSetExpClk
000009d7   UARTConfigSetExpClk
00000a19   C$$EXIT
00000a1d   abort
00000a25   exit
00000a59   SysCtlPeripheralEnable
00000a8d   GPIODirModeSet
00000ab9   UARTDisable
00000ad5   _args_main
00000aed   UARTEnable
00000b01   _register_unlock
00000b07   _register_lock
00000b0f   _nop
00000b15   GPIOPinTypeSSI
00000b27   GPIOPinTypeUART
00000b39   __TI_zero_init
00000b4b   __TI_decompress_none
00000b59   SSIDataGet
00000b65   UARTCharsAvail
00000b71   ResetISR
00000b7d   SSIEnable
00000b87   UARTCharGet
00000b91   UARTCharPut
00000b9b   __TI_decompress_rle24
00000cb0   __TI_Handler_Table_Base
00000cbc   __TI_Handler_Table_Limit
00000cc8   __TI_CINIT_Base
00000cd8   __TI_CINIT_Limit
20000000   UART1_Buffer
20000100   UART2_Buffer
20000200   __stack
20000400   __STACK_END
20000400   __STACK_TOP
20000400   _lock
20000404   _unlock
20000408   _cleanup_ptr
2000040c   _dtors_ptr
20000410   main_func_sp
ffffffff   __binit__
ffffffff   __c_args__
ffffffff   binit
UNDEFED    SHT$$INIT_ARRAY$$Base
UNDEFED    SHT$$INIT_ARRAY$$Limit

[66 symbols]
