******************************************************************************
                  TI ARM Linker PC v5.0.4                      
******************************************************************************
>> Linked Fri Sep 11 23:02:00 2015

OUTPUT FILE NAME:   <TivaEthernet.out>
ENTRY POINT SYMBOL: "_c_int00"  address: 00000b21


MEMORY CONFIGURATION

         name            origin    length      used     unused   attr    fill
----------------------  --------  ---------  --------  --------  ----  --------
  FLASH                 00000000   00040000  00000e25  0003f1db  R  X
  SRAM                  20000000   00008000  00000516  00007aea  RW X


SEGMENT ALLOCATION MAP

run origin  load origin   length   init length attrs members
----------  ----------- ---------- ----------- ----- -------
00000000    00000000    00000e28   00000e28    r-x
  00000000    00000000    0000026c   0000026c    r-- .intvecs
  0000026c    0000026c    00000ae2   00000ae2    r-x .text
  00000d50    00000d50    0000009f   0000009f    r-- .const
  00000df0    00000df0    00000038   00000038    r-- .cinit
20000000    20000000    00000504   00000000    rw-
  20000000    20000000    00000302   00000000    rw- .bss
  20000304    20000304    00000200   00000000    rw- .stack
20000504    20000504    00000014   00000014    rw-
  20000504    20000504    00000014   00000014    rw- .data


SECTION ALLOCATION MAP

 output                                  attributes/
section   page    origin      length       input sections
--------  ----  ----------  ----------   ----------------
.intvecs   0    00000000    0000026c     
                  00000000    0000026c     startup_ccs.obj (.intvecs)

.init_array 
*          0    00000000    00000000     UNINITIALIZED

.text      0    0000026c    00000ae2     
                  0000026c    00000370     NRF.obj (.text)
                  000005dc    000001a8     UART.obj (.text)
                  00000784    00000130     driverlib.lib : gpio.obj (.text:GPIOPadConfigSet)
                  000008b4    0000009c     rtsv7M4_T_le_v4SPD16_eabi.lib : memcpy_t2.obj (.text)
                  00000950    00000094     main.obj (.text)
                  000009e4    00000094     rtsv7M4_T_le_v4SPD16_eabi.lib : auto_init.obj (.text)
                  00000a78    0000005e                                   : copy_decompress_rle.obj (.text)
                  00000ad6    00000002     --HOLE-- [fill = 0]
                  00000ad8    00000048     driverlib.lib : gpio.obj (.text:GPIOPinConfigure)
                  00000b20    00000048     rtsv7M4_T_le_v4SPD16_eabi.lib : boot.obj (.text)
                  00000b68    00000044                                   : cpy_tbl.obj (.text)
                  00000bac    00000040     driverlib.lib : uart.obj (.text:UARTConfigSetExpClk)
                  00000bec    00000040     rtsv7M4_T_le_v4SPD16_eabi.lib : exit.obj (.text)
                  00000c2c    0000002a     driverlib.lib : gpio.obj (.text:GPIODirModeSet)
                  00000c56    00000002     --HOLE-- [fill = 0]
                  00000c58    0000001c                   : uart.obj (.text:UARTDisable)
                  00000c74    00000018                   : gpio.obj (.text:GPIOPinTypeGPIOOutput)
                  00000c8c    00000018     rtsv7M4_T_le_v4SPD16_eabi.lib : args_main.obj (.text)
                  00000ca4    00000014     driverlib.lib : uart.obj (.text:UARTEnable)
                  00000cb8    00000014     rtsv7M4_T_le_v4SPD16_eabi.lib : _lock.obj (.text)
                  00000ccc    00000012     driverlib.lib : gpio.obj (.text:GPIOPinTypeGPIOInput)
                  00000cde    00000012                   : gpio.obj (.text:GPIOPinTypeUART)
                  00000cf0    00000012     rtsv7M4_T_le_v4SPD16_eabi.lib : copy_zero_init.obj (.text:decompress:ZI)
                  00000d02    0000000e                                   : copy_decompress_none.obj (.text:decompress:none)
                  00000d10    0000000c     driverlib.lib : uart.obj (.text:UARTCharsAvail)
                  00000d1c    0000000c     startup_ccs.obj (.text)
                  00000d28    0000000a     driverlib.lib : uart.obj (.text:UARTCharGet)
                  00000d32    0000000a                   : uart.obj (.text:UARTCharPut)
                  00000d3c    00000006                   : gpio.obj (.text:GPIOPinRead)
                  00000d42    00000006                   : gpio.obj (.text:GPIOPinWrite)
                  00000d48    00000006     rtsv7M4_T_le_v4SPD16_eabi.lib : copy_decompress_rle.obj (.text:decompress:rle24)

.const     0    00000d50    0000009f     
                  00000d50    00000090     driverlib.lib : gpio.obj (.const:g_pui32GPIOBaseAddrs)
                  00000de0    0000000f     NRF.obj (.const:.string)

.cinit     0    00000df0    00000038     
                  00000df0    0000000f     (.cinit..data.load) [load image, compression = rle]
                  00000dff    00000001     --HOLE-- [fill = 0]
                  00000e00    0000000c     (__TI_handler_table)
                  00000e0c    00000004     --HOLE-- [fill = 0]
                  00000e10    00000008     (.cinit..bss.load) [load image, compression = zero_init]
                  00000e18    00000010     (__TI_cinit_table)

.bss       0    20000000    00000302     UNINITIALIZED
                  20000000    00000100     main.obj (.bss:TMP)
                  20000100    00000100     UART.obj (.bss:UART1_Buffer)
                  20000200    00000100     UART.obj (.bss:UART2_Buffer)
                  20000300    00000002     NRF.obj (.bss)

.stack     0    20000304    00000200     UNINITIALIZED
                  20000304    00000200     --HOLE--

.data      0    20000504    00000014     
                  20000504    00000008     rtsv7M4_T_le_v4SPD16_eabi.lib : _lock.obj (.data)
                  2000050c    00000008                                   : exit.obj (.data)
                  20000514    00000004                                   : stkdepth_vars.obj (.data)


LINKER GENERATED COPY TABLES

__TI_cinit_table @ 00000e18 records: 2, size/record: 8, table size: 16
	.data: load addr=00000df0, load size=0000000f bytes, run addr=20000504, run size=00000014 bytes, compression=rle
	.bss: load addr=00000e10, load size=00000008 bytes, run addr=20000000, run size=00000302 bytes, compression=zero_init


LINKER GENERATED HANDLER TABLE

__TI_handler_table @ 00000e00 records: 3, size/record: 4, table size: 12
	index: 0, handler: __TI_decompress_rle24
	index: 1, handler: __TI_decompress_none
	index: 2, handler: __TI_zero_init


GLOBAL SYMBOLS: SORTED ALPHABETICALLY BY Name 

address    name
--------   ----
00000bed   C$$EXIT
0000026d   Delay
00000c2d   GPIODirModeSet
00000785   GPIOPadConfigSet
00000ad9   GPIOPinConfigure
00000d3d   GPIOPinRead
00000ccd   GPIOPinTypeGPIOInput
00000c75   GPIOPinTypeGPIOOutput
00000cdf   GPIOPinTypeUART
00000d43   GPIOPinWrite
000002ab   Init_NRF24L01
000005dd   Init_UART
00000de5   RX_ADDRESS
00000d1d   ResetISR
UNDEFED    SHT$$INIT_ARRAY$$Base
UNDEFED    SHT$$INIT_ARRAY$$Limit
00000369   SPI_RW
00000415   SPI_RW_Reg
000003e3   SPI_Read
0000044d   SPI_Read_Buf
000004ab   SPI_Write_Buf
00000507   SetRX_Mode
20000000   TMP
00000de0   TX_ADDRESS
0000066f   UART0IntHandler
00000681   UART1IntHandler
20000100   UART1_Buffer
000006e3   UART1_Receive
00000693   UART1_Send
20000200   UART2_Buffer
0000071f   UART2_Receive
000006bb   UART2_Send
00000d29   UARTCharGet
00000d33   UARTCharPut
00000d11   UARTCharsAvail
00000bad   UARTConfigSetExpClk
00000c59   UARTDisable
00000ca5   UARTEnable
20000504   __STACK_END
00000200   __STACK_SIZE
20000504   __STACK_TOP
00000e18   __TI_CINIT_Base
00000e28   __TI_CINIT_Limit
00000e00   __TI_Handler_Table_Base
00000e0c   __TI_Handler_Table_Limit
00000001   __TI_args_main
000009e5   __TI_auto_init
00000d03   __TI_decompress_none
00000d49   __TI_decompress_rle24
00000000   __TI_static_base__
00000cf1   __TI_zero_init
000008b5   __aeabi_memcpy
000008b5   __aeabi_memcpy4
000008b5   __aeabi_memcpy8
ffffffff   __binit__
ffffffff   __c_args__
20000304   __stack
00000c8d   _args_main
00000b21   _c_int00
2000050c   _cleanup_ptr
20000510   _dtors_ptr
20000504   _lock
00000cc7   _nop
00000cbf   _register_lock
00000cb9   _register_unlock
20000508   _unlock
00000bf1   abort
ffffffff   binit
00000b69   copy_in
00000bf9   exit
00000000   g_pfnVectors
00000951   main
20000514   main_func_sp
000008b5   memcpy
00000539   nRF24L01_RxPacket
00000589   nRF24L01_TxPacket
20000300   sta


GLOBAL SYMBOLS: SORTED BY Symbol Address 

address    name
--------   ----
00000000   __TI_static_base__
00000000   g_pfnVectors
00000001   __TI_args_main
00000200   __STACK_SIZE
0000026d   Delay
000002ab   Init_NRF24L01
00000369   SPI_RW
000003e3   SPI_Read
00000415   SPI_RW_Reg
0000044d   SPI_Read_Buf
000004ab   SPI_Write_Buf
00000507   SetRX_Mode
00000539   nRF24L01_RxPacket
00000589   nRF24L01_TxPacket
000005dd   Init_UART
0000066f   UART0IntHandler
00000681   UART1IntHandler
00000693   UART1_Send
000006bb   UART2_Send
000006e3   UART1_Receive
0000071f   UART2_Receive
00000785   GPIOPadConfigSet
000008b5   __aeabi_memcpy
000008b5   __aeabi_memcpy4
000008b5   __aeabi_memcpy8
000008b5   memcpy
00000951   main
000009e5   __TI_auto_init
00000ad9   GPIOPinConfigure
00000b21   _c_int00
00000b69   copy_in
00000bad   UARTConfigSetExpClk
00000bed   C$$EXIT
00000bf1   abort
00000bf9   exit
00000c2d   GPIODirModeSet
00000c59   UARTDisable
00000c75   GPIOPinTypeGPIOOutput
00000c8d   _args_main
00000ca5   UARTEnable
00000cb9   _register_unlock
00000cbf   _register_lock
00000cc7   _nop
00000ccd   GPIOPinTypeGPIOInput
00000cdf   GPIOPinTypeUART
00000cf1   __TI_zero_init
00000d03   __TI_decompress_none
00000d11   UARTCharsAvail
00000d1d   ResetISR
00000d29   UARTCharGet
00000d33   UARTCharPut
00000d3d   GPIOPinRead
00000d43   GPIOPinWrite
00000d49   __TI_decompress_rle24
00000de0   TX_ADDRESS
00000de5   RX_ADDRESS
00000e00   __TI_Handler_Table_Base
00000e0c   __TI_Handler_Table_Limit
00000e18   __TI_CINIT_Base
00000e28   __TI_CINIT_Limit
20000000   TMP
20000100   UART1_Buffer
20000200   UART2_Buffer
20000300   sta
20000304   __stack
20000504   __STACK_END
20000504   __STACK_TOP
20000504   _lock
20000508   _unlock
2000050c   _cleanup_ptr
20000510   _dtors_ptr
20000514   main_func_sp
ffffffff   __binit__
ffffffff   __c_args__
ffffffff   binit
UNDEFED    SHT$$INIT_ARRAY$$Base
UNDEFED    SHT$$INIT_ARRAY$$Limit

[77 symbols]
