******************************************************************************
                  TI ARM Linker PC v5.0.4                      
******************************************************************************
>> Linked Sat Sep 19 23:32:12 2015

OUTPUT FILE NAME:   <TivaEthernet.out>
ENTRY POINT SYMBOL: "_c_int00"  address: 00002c65


MEMORY CONFIGURATION

         name            origin    length      used     unused   attr    fill
----------------------  --------  ---------  --------  --------  ----  --------
  FLASH                 00000000   00040000  000036c1  0003c93f  R  X
  SRAM                  20000000   00008000  000006fe  00007902  RW X


SEGMENT ALLOCATION MAP

run origin  load origin   length   init length attrs members
----------  ----------- ---------- ----------- ----- -------
00000000    00000000    000036c8   000036c8    r-x
  00000000    00000000    0000026c   0000026c    r-- .intvecs
  0000026c    0000026c    00002d12   00002d12    r-x .text
  00002f80    00002f80    000006fb   000006fb    r-- .const
  00003680    00003680    00000048   00000048    r-- .cinit
20000000    20000000    00000700   000002ac    rw-
  20000000    20000000    000002ac   000002ac    rw- .data
  200002ac    200002ac    0000024a   00000000    rw- .bss
  200004f8    200004f8    00000200   00000000    rw- .stack
  200006f8    200006f8    00000008   00000000    rw- .sysmem


SECTION ALLOCATION MAP

 output                                  attributes/
section   page    origin      length       input sections
--------  ----  ----------  ----------   ----------------
.intvecs   0    00000000    0000026c     
                  00000000    0000026c     startup_ccs.obj (.intvecs)

.init_array 
*          0    00000000    00000000     UNINITIALIZED

.text      0    0000026c    00002d12     
                  0000026c    00000f40     TFT.obj (.text)
                  000011ac    00000940     ENC.obj (.text)
                  00001aec    00000604     Soft_SPI.obj (.text)
                  000020f0    000001e8     main.obj (.text)
                  000022d8    000001a8     UART.obj (.text)
                  00002480    00000198     NRF.obj (.text)
                  00002618    00000136     rtsv7M4_T_le_v4SPD16_eabi.lib : fd_div_t2.obj (.text)
                  0000274e    00000130     driverlib.lib : gpio.obj (.text:GPIOPadConfigSet)
                  0000287e    000000fc     rtsv7M4_T_le_v4SPD16_eabi.lib : fd_mul_t2.obj (.text)
                  0000297a    00000002     --HOLE-- [fill = 0]
                  0000297c    000000c8     driverlib.lib : sysctl.obj (.text:SysCtlClockGet)
                  00002a44    0000009c     rtsv7M4_T_le_v4SPD16_eabi.lib : memcpy_t2.obj (.text)
                  00002ae0    00000094                                   : auto_init.obj (.text)
                  00002b74    0000005e                                   : copy_decompress_rle.obj (.text)
                  00002bd2    0000004a                                   : fd_tos_t2.obj (.text)
                  00002c1c    00000048     driverlib.lib : gpio.obj (.text:GPIOPinConfigure)
                  00002c64    00000048     rtsv7M4_T_le_v4SPD16_eabi.lib : boot.obj (.text)
                  00002cac    00000044                                   : cpy_tbl.obj (.text)
                  00002cf0    00000042     driverlib.lib : ssi.obj (.text:SSIConfigSetExpClk)
                  00002d32    00000040                   : uart.obj (.text:UARTConfigSetExpClk)
                  00002d72    00000002     --HOLE-- [fill = 0]
                  00002d74    00000040     rtsv7M4_T_le_v4SPD16_eabi.lib : exit.obj (.text)
                  00002db4    00000038                                   : fs_tod_t2.obj (.text)
                  00002dec    00000034     driverlib.lib : sysctl.obj (.text:SysCtlPeripheralEnable)
                  00002e20    0000002a                   : gpio.obj (.text:GPIODirModeSet)
                  00002e4a    00000002     --HOLE-- [fill = 0]
                  00002e4c    0000001c                   : uart.obj (.text:UARTDisable)
                  00002e68    00000018                   : gpio.obj (.text:GPIOPinTypeGPIOOutput)
                  00002e80    00000018     rtsv7M4_T_le_v4SPD16_eabi.lib : args_main.obj (.text)
                  00002e98    00000014     driverlib.lib : uart.obj (.text:UARTEnable)
                  00002eac    00000014     rtsv7M4_T_le_v4SPD16_eabi.lib : _lock.obj (.text)
                  00002ec0    00000012     driverlib.lib : gpio.obj (.text:GPIOPinTypeGPIOInput)
                  00002ed2    00000012                   : gpio.obj (.text:GPIOPinTypeSSI)
                  00002ee4    00000012                   : gpio.obj (.text:GPIOPinTypeUART)
                  00002ef6    00000012     rtsv7M4_T_le_v4SPD16_eabi.lib : copy_zero_init.obj (.text:decompress:ZI)
                  00002f08    00000010                                   : strcpy.obj (.text)
                  00002f18    0000000e                                   : copy_decompress_none.obj (.text:decompress:none)
                  00002f26    0000000c     driverlib.lib : uart.obj (.text:UARTCharsAvail)
                  00002f32    0000000c     startup_ccs.obj (.text)
                  00002f3e    0000000a     driverlib.lib : ssi.obj (.text:SSIDataPut)
                  00002f48    0000000a                   : ssi.obj (.text:SSIEnable)
                  00002f52    0000000a                   : uart.obj (.text:UARTCharGet)
                  00002f5c    0000000a                   : uart.obj (.text:UARTCharPut)
                  00002f66    00000006                   : gpio.obj (.text:GPIOPinRead)
                  00002f6c    00000006                   : gpio.obj (.text:GPIOPinWrite)
                  00002f72    00000006                   : sysctl.obj (.text:SysCtlDelay)
                  00002f78    00000006     rtsv7M4_T_le_v4SPD16_eabi.lib : copy_decompress_rle.obj (.text:decompress:rle24)

.const     0    00002f80    000006fb     
                  00002f80    000005f0     TFT.obj (.const:.string:asc2_1608)
                  00003570    00000090     driverlib.lib : gpio.obj (.const:g_pui32GPIOBaseAddrs)
                  00003600    0000006c                   : sysctl.obj (.const:g_pui32Xtals)
                  0000366c    0000000f     NRF.obj (.const:.string)

.cinit     0    00003680    00000048     
                  00003680    0000001d     (.cinit..data.load) [load image, compression = rle]
                  0000369d    00000003     --HOLE-- [fill = 0]
                  000036a0    0000000c     (__TI_handler_table)
                  000036ac    00000004     --HOLE-- [fill = 0]
                  000036b0    00000008     (.cinit..bss.load) [load image, compression = zero_init]
                  000036b8    00000010     (__TI_cinit_table)

.data      0    20000000    000002ac     
                  20000000    00000290     TFT.obj (.data:Screen)
                  20000290    00000008     rtsv7M4_T_le_v4SPD16_eabi.lib : _lock.obj (.data)
                  20000298    00000008                                   : exit.obj (.data)
                  200002a0    00000006     main.obj (.data)
                  200002a6    00000002     --HOLE--
                  200002a8    00000004     rtsv7M4_T_le_v4SPD16_eabi.lib : stkdepth_vars.obj (.data)

.bss       0    200002ac    0000024a     UNINITIALIZED
                  200002ac    00000100     UART.obj (.bss:UART1_Buffer)
                  200003ac    00000100     UART.obj (.bss:UART2_Buffer)
                  200004ac    0000003c     TFT.obj (.bss:screen_ptr)
                  200004e8    00000008     ENC.obj (.bss)
                  200004f0    00000004     TFT.obj (.bss)
                  200004f4    00000002     NRF.obj (.bss)

.stack     0    200004f8    00000200     UNINITIALIZED
                  200004f8    00000200     --HOLE--

.sysmem    0    200006f8    00000008     UNINITIALIZED
                  200006f8    00000008     rtsv7M4_T_le_v4SPD16_eabi.lib : memory.obj (.sysmem)


LINKER GENERATED COPY TABLES

__TI_cinit_table @ 000036b8 records: 2, size/record: 8, table size: 16
	.data: load addr=00003680, load size=0000001d bytes, run addr=20000000, run size=000002ac bytes, compression=rle
	.bss: load addr=000036b0, load size=00000008 bytes, run addr=200002ac, run size=0000024a bytes, compression=zero_init


LINKER GENERATED HANDLER TABLE

__TI_handler_table @ 000036a0 records: 3, size/record: 4, table size: 12
	index: 0, handler: __TI_decompress_rle24
	index: 1, handler: __TI_decompress_none
	index: 2, handler: __TI_zero_init


GLOBAL SYMBOLS: SORTED ALPHABETICALLY BY Name 

address    name
--------   ----
000005f3   Address_set
200004f0   BACK_COLOR
00002d75   C$$EXIT
200004e9   DOSD
00002481   Delay
00000a81   DisPlay
00000921   Draw_Circle
200004e8   ENC28J60BANK
0000199b   ENC_Get_EREVID
000016c5   ENC_Init
0000166d   ENC_PHY_Write
00001a19   ENC_Packet_Receive
000019a5   ENC_Packet_Send
0000127d   ENC_Pin_Init
00001631   ENC_Read
00001569   ENC_Read_Buf
000012dd   ENC_Read_ETH
00001355   ENC_Read_Op
000015f1   ENC_Set_Bank
0000164b   ENC_Write
000015b1   ENC_Write_Buf
00001313   ENC_Write_ETH
00001505   ENC_Write_Op
00002e21   GPIODirModeSet
0000274f   GPIOPadConfigSet
00002c1d   GPIOPinConfigure
00002f67   GPIOPinRead
00002ec1   GPIOPinTypeGPIOInput
00002e69   GPIOPinTypeGPIOOutput
00002ed3   GPIOPinTypeSSI
00002ee5   GPIOPinTypeUART
00002f6d   GPIOPinWrite
000024bf   Init_NRF24L01
0000037b   Init_TFT
000022d9   Init_UART
0000065f   LCD_Clear
000007b1   LCD_DrawLine
000006e1   LCD_DrawPoint
00000709   LCD_DrawPoint_big
000008b7   LCD_DrawRectangle
0000073f   LCD_Fill
00000297   LCD_RD_DATA
00000da9   LCD_ShowChar
00000fbd   LCD_ShowChar_D
00000f3d   LCD_ShowString
000002b1   LCD_WR_DATA
00000315   LCD_WR_DATA8
000002db   LCD_WR_REG
000002f9   LCD_WR_REG_DATA
00000287   LCD_Writ_Bus
200004f2   POINT_COLOR
00000c91   RGB_Color
00003671   RX_ADDRESS
00000333   Read_Register
00002f33   ResetISR
UNDEFED    SHT$$INIT_ARRAY$$Base
UNDEFED    SHT$$INIT_ARRAY$$Limit
00001cbf   SPI1_Init
00001aed   SPI1_RW
00001bb5   SPI1_RW_Reg
00001b7b   SPI1_Read
00001bf5   SPI1_Read_Buf
00001c5b   SPI1_Write_Buf
00001d0b   SPI2_Init
00001d53   SPI2_RW
00001db1   SPI2_RW_Reg
00001d6f   SPI2_Read
00001df1   SPI2_Read_Buf
00001e57   SPI2_Write_Buf
00001ebb   SPI3_Init
00001eed   SPI3_RW
00001fdd   SPI3_RW_Reg
00001f81   SPI3_Read
0000201d   SPI3_Read_Buf
00002085   SPI3_Write_Buf
00002cf1   SSIConfigSetExpClk
00002f3f   SSIDataPut
00002f49   SSIEnable
20000000   Screen
00001139   ScreenFlush
0000253b   SetRX_Mode
0000297d   SysCtlClockGet
00002f73   SysCtlDelay
00002ded   SysCtlPeripheralEnable
0000366c   TX_ADDRESS
0000236b   UART0IntHandler
0000237d   UART1IntHandler
200002ac   UART1_Buffer
000023df   UART1_Receive
0000238f   UART1_Send
200003ac   UART2_Buffer
0000241b   UART2_Receive
000023b7   UART2_Send
00002f53   UARTCharGet
00002f5d   UARTCharPut
00002f27   UARTCharsAvail
00002d33   UARTConfigSetExpClk
00002e4d   UARTDisable
00002e99   UARTEnable
200006f8   __STACK_END
00000200   __STACK_SIZE
200006f8   __STACK_TOP
00000008   __SYSMEM_SIZE
000036b8   __TI_CINIT_Base
000036c8   __TI_CINIT_Limit
000036a0   __TI_Handler_Table_Base
000036ac   __TI_Handler_Table_Limit
00000001   __TI_args_main
00002ae1   __TI_auto_init
00002f19   __TI_decompress_none
00002f79   __TI_decompress_rle24
00000000   __TI_static_base__
00002ef7   __TI_zero_init
00002bd3   __aeabi_d2f
00002619   __aeabi_ddiv
0000287f   __aeabi_dmul
00002db5   __aeabi_f2d
00002a45   __aeabi_memcpy
00002a45   __aeabi_memcpy4
00002a45   __aeabi_memcpy8
ffffffff   __binit__
ffffffff   __c_args__
200004f8   __stack
00002e81   _args_main
00002c65   _c_int00
20000298   _cleanup_ptr
2000029c   _dtors_ptr
20000290   _lock
00002ebb   _nop
00002eb3   _register_lock
00002ead   _register_unlock
200006f8   _sys_memory
20000294   _unlock
00002d79   abort
00002f80   asc2_1608
ffffffff   binit
00002cad   copy_in
0000026d   delay_ms
00002d81   exit
00000000   g_pfnVectors
000020f1   main
200002a8   main_func_sp
00002a45   memcpy
200002a0   mymac
00002569   nRF24L01_RxPacket
000025b5   nRF24L01_TxPacket
000010e9   nextroll
200004ac   screen_ptr
200004f4   sta
00002f09   strcpy


GLOBAL SYMBOLS: SORTED BY Symbol Address 

address    name
--------   ----
00000000   __TI_static_base__
00000000   g_pfnVectors
00000001   __TI_args_main
00000008   __SYSMEM_SIZE
00000200   __STACK_SIZE
0000026d   delay_ms
00000287   LCD_Writ_Bus
00000297   LCD_RD_DATA
000002b1   LCD_WR_DATA
000002db   LCD_WR_REG
000002f9   LCD_WR_REG_DATA
00000315   LCD_WR_DATA8
00000333   Read_Register
0000037b   Init_TFT
000005f3   Address_set
0000065f   LCD_Clear
000006e1   LCD_DrawPoint
00000709   LCD_DrawPoint_big
0000073f   LCD_Fill
000007b1   LCD_DrawLine
000008b7   LCD_DrawRectangle
00000921   Draw_Circle
00000a81   DisPlay
00000c91   RGB_Color
00000da9   LCD_ShowChar
00000f3d   LCD_ShowString
00000fbd   LCD_ShowChar_D
000010e9   nextroll
00001139   ScreenFlush
0000127d   ENC_Pin_Init
000012dd   ENC_Read_ETH
00001313   ENC_Write_ETH
00001355   ENC_Read_Op
00001505   ENC_Write_Op
00001569   ENC_Read_Buf
000015b1   ENC_Write_Buf
000015f1   ENC_Set_Bank
00001631   ENC_Read
0000164b   ENC_Write
0000166d   ENC_PHY_Write
000016c5   ENC_Init
0000199b   ENC_Get_EREVID
000019a5   ENC_Packet_Send
00001a19   ENC_Packet_Receive
00001aed   SPI1_RW
00001b7b   SPI1_Read
00001bb5   SPI1_RW_Reg
00001bf5   SPI1_Read_Buf
00001c5b   SPI1_Write_Buf
00001cbf   SPI1_Init
00001d0b   SPI2_Init
00001d53   SPI2_RW
00001d6f   SPI2_Read
00001db1   SPI2_RW_Reg
00001df1   SPI2_Read_Buf
00001e57   SPI2_Write_Buf
00001ebb   SPI3_Init
00001eed   SPI3_RW
00001f81   SPI3_Read
00001fdd   SPI3_RW_Reg
0000201d   SPI3_Read_Buf
00002085   SPI3_Write_Buf
000020f1   main
000022d9   Init_UART
0000236b   UART0IntHandler
0000237d   UART1IntHandler
0000238f   UART1_Send
000023b7   UART2_Send
000023df   UART1_Receive
0000241b   UART2_Receive
00002481   Delay
000024bf   Init_NRF24L01
0000253b   SetRX_Mode
00002569   nRF24L01_RxPacket
000025b5   nRF24L01_TxPacket
00002619   __aeabi_ddiv
0000274f   GPIOPadConfigSet
0000287f   __aeabi_dmul
0000297d   SysCtlClockGet
00002a45   __aeabi_memcpy
00002a45   __aeabi_memcpy4
00002a45   __aeabi_memcpy8
00002a45   memcpy
00002ae1   __TI_auto_init
00002bd3   __aeabi_d2f
00002c1d   GPIOPinConfigure
00002c65   _c_int00
00002cad   copy_in
00002cf1   SSIConfigSetExpClk
00002d33   UARTConfigSetExpClk
00002d75   C$$EXIT
00002d79   abort
00002d81   exit
00002db5   __aeabi_f2d
00002ded   SysCtlPeripheralEnable
00002e21   GPIODirModeSet
00002e4d   UARTDisable
00002e69   GPIOPinTypeGPIOOutput
00002e81   _args_main
00002e99   UARTEnable
00002ead   _register_unlock
00002eb3   _register_lock
00002ebb   _nop
00002ec1   GPIOPinTypeGPIOInput
00002ed3   GPIOPinTypeSSI
00002ee5   GPIOPinTypeUART
00002ef7   __TI_zero_init
00002f09   strcpy
00002f19   __TI_decompress_none
00002f27   UARTCharsAvail
00002f33   ResetISR
00002f3f   SSIDataPut
00002f49   SSIEnable
00002f53   UARTCharGet
00002f5d   UARTCharPut
00002f67   GPIOPinRead
00002f6d   GPIOPinWrite
00002f73   SysCtlDelay
00002f79   __TI_decompress_rle24
00002f80   asc2_1608
0000366c   TX_ADDRESS
00003671   RX_ADDRESS
000036a0   __TI_Handler_Table_Base
000036ac   __TI_Handler_Table_Limit
000036b8   __TI_CINIT_Base
000036c8   __TI_CINIT_Limit
20000000   Screen
20000290   _lock
20000294   _unlock
20000298   _cleanup_ptr
2000029c   _dtors_ptr
200002a0   mymac
200002a8   main_func_sp
200002ac   UART1_Buffer
200003ac   UART2_Buffer
200004ac   screen_ptr
200004e8   ENC28J60BANK
200004e9   DOSD
200004f0   BACK_COLOR
200004f2   POINT_COLOR
200004f4   sta
200004f8   __stack
200006f8   __STACK_END
200006f8   __STACK_TOP
200006f8   _sys_memory
ffffffff   __binit__
ffffffff   __c_args__
ffffffff   binit
UNDEFED    SHT$$INIT_ARRAY$$Base
UNDEFED    SHT$$INIT_ARRAY$$Limit

[150 symbols]
