******************************************************************************
                  TI ARM Linker PC v5.0.4                      
******************************************************************************
>> Linked Sat Sep 12 14:47:51 2015

OUTPUT FILE NAME:   <TivaEthernet.out>
ENTRY POINT SYMBOL: "_c_int00"  address: 00001ea9


MEMORY CONFIGURATION

         name            origin    length      used     unused   attr    fill
----------------------  --------  ---------  --------  --------  ----  --------
  FLASH                 00000000   00040000  00002842  0003d7be  R  X
  SRAM                  20000000   00008000  00000780  00007880  RW X


SEGMENT ALLOCATION MAP

run origin  load origin   length   init length attrs members
----------  ----------- ---------- ----------- ----- -------
00000000    00000000    00002848   00002848    r-x
  00000000    00000000    0000026c   0000026c    r-- .intvecs
  0000026c    0000026c    00001eb2   00001eb2    r-x .text
  00002120    00002120    000006ec   000006ec    r-- .const
  00002810    00002810    00000038   00000038    r-- .cinit
20000000    20000000    00000304   00000000    rw-
  20000000    20000000    00000304   00000000    rw- .bss
20000304    20000304    0000047c   0000027c    rw-
  20000304    20000304    0000027c   0000027c    rw- .data
  20000580    20000580    00000200   00000000    rw- .stack


SECTION ALLOCATION MAP

 output                                  attributes/
section   page    origin      length       input sections
--------  ----  ----------  ----------   ----------------
.intvecs   0    00000000    0000026c     
                  00000000    0000026c     startup_ccs.obj (.intvecs)

.init_array 
*          0    00000000    00000000     UNINITIALIZED

.text      0    0000026c    00001eb2     
                  0000026c    00000e30     TFT.obj (.text)
                  0000109c    00000438     Soft_SPI.obj (.text)
                  000014d4    000001e0     main.obj (.text)
                  000016b4    000001a8     UART.obj (.text)
                  0000185c    00000136     rtsv7M4_T_le_v4SPD16_eabi.lib : fd_div_t2.obj (.text)
                  00001992    00000130     driverlib.lib : gpio.obj (.text:GPIOPadConfigSet)
                  00001ac2    000000fc     rtsv7M4_T_le_v4SPD16_eabi.lib : fd_mul_t2.obj (.text)
                  00001bbe    00000002     --HOLE-- [fill = 0]
                  00001bc0    000000c8     driverlib.lib : sysctl.obj (.text:SysCtlClockGet)
                  00001c88    0000009c     rtsv7M4_T_le_v4SPD16_eabi.lib : memcpy_t2.obj (.text)
                  00001d24    00000094                                   : auto_init.obj (.text)
                  00001db8    0000005e                                   : copy_decompress_rle.obj (.text)
                  00001e16    0000004a                                   : fd_tos_t2.obj (.text)
                  00001e60    00000048     driverlib.lib : gpio.obj (.text:GPIOPinConfigure)
                  00001ea8    00000048     rtsv7M4_T_le_v4SPD16_eabi.lib : boot.obj (.text)
                  00001ef0    00000044                                   : cpy_tbl.obj (.text)
                  00001f34    00000040     driverlib.lib : uart.obj (.text:UARTConfigSetExpClk)
                  00001f74    00000040     rtsv7M4_T_le_v4SPD16_eabi.lib : exit.obj (.text)
                  00001fb4    00000038                                   : fs_tod_t2.obj (.text)
                  00001fec    0000002a     driverlib.lib : gpio.obj (.text:GPIODirModeSet)
                  00002016    00000002     --HOLE-- [fill = 0]
                  00002018    0000001c                   : uart.obj (.text:UARTDisable)
                  00002034    00000018                   : gpio.obj (.text:GPIOPinTypeGPIOOutput)
                  0000204c    00000018     rtsv7M4_T_le_v4SPD16_eabi.lib : args_main.obj (.text)
                  00002064    00000014     driverlib.lib : uart.obj (.text:UARTEnable)
                  00002078    00000014     rtsv7M4_T_le_v4SPD16_eabi.lib : _lock.obj (.text)
                  0000208c    00000012     driverlib.lib : gpio.obj (.text:GPIOPinTypeGPIOInput)
                  0000209e    00000012                   : gpio.obj (.text:GPIOPinTypeUART)
                  000020b0    00000012     rtsv7M4_T_le_v4SPD16_eabi.lib : copy_zero_init.obj (.text:decompress:ZI)
                  000020c2    00000010                                   : strcpy.obj (.text)
                  000020d2    0000000e                                   : copy_decompress_none.obj (.text:decompress:none)
                  000020e0    0000000c     driverlib.lib : uart.obj (.text:UARTCharsAvail)
                  000020ec    0000000c     startup_ccs.obj (.text)
                  000020f8    0000000a     driverlib.lib : uart.obj (.text:UARTCharGet)
                  00002102    0000000a                   : uart.obj (.text:UARTCharPut)
                  0000210c    00000006                   : gpio.obj (.text:GPIOPinWrite)
                  00002112    00000006                   : sysctl.obj (.text:SysCtlDelay)
                  00002118    00000006     rtsv7M4_T_le_v4SPD16_eabi.lib : copy_decompress_rle.obj (.text:decompress:rle24)

.const     0    00002120    000006ec     
                  00002120    000005f0     TFT.obj (.const:.string:asc2_1608)
                  00002710    00000090     driverlib.lib : gpio.obj (.const:g_pui32GPIOBaseAddrs)
                  000027a0    0000006c                   : sysctl.obj (.const:g_pui32Xtals)

.cinit     0    00002810    00000038     
                  00002810    00000014     (.cinit..data.load) [load image, compression = rle]
                  00002824    0000000c     (__TI_handler_table)
                  00002830    00000008     (.cinit..bss.load) [load image, compression = zero_init]
                  00002838    00000010     (__TI_cinit_table)

.bss       0    20000000    00000304     UNINITIALIZED
                  20000000    00000100     main.obj (.bss:TMP)
                  20000100    00000100     UART.obj (.bss:UART1_Buffer)
                  20000200    00000100     UART.obj (.bss:UART2_Buffer)
                  20000300    00000004     TFT.obj (.bss)

.data      0    20000304    0000027c     
                  20000304    00000267     TFT.obj (.data:Screen)
                  2000056b    00000001     --HOLE--
                  2000056c    00000008     rtsv7M4_T_le_v4SPD16_eabi.lib : _lock.obj (.data)
                  20000574    00000008                                   : exit.obj (.data)
                  2000057c    00000004                                   : stkdepth_vars.obj (.data)

.stack     0    20000580    00000200     UNINITIALIZED
                  20000580    00000200     --HOLE--


LINKER GENERATED COPY TABLES

__TI_cinit_table @ 00002838 records: 2, size/record: 8, table size: 16
	.data: load addr=00002810, load size=00000014 bytes, run addr=20000304, run size=0000027c bytes, compression=rle
	.bss: load addr=00002830, load size=00000008 bytes, run addr=20000000, run size=00000304 bytes, compression=zero_init


LINKER GENERATED HANDLER TABLE

__TI_handler_table @ 00002824 records: 3, size/record: 4, table size: 12
	index: 0, handler: __TI_decompress_rle24
	index: 1, handler: __TI_decompress_none
	index: 2, handler: __TI_zero_init


GLOBAL SYMBOLS: SORTED ALPHABETICALLY BY Name 

address    name
--------   ----
00000559   Address_set
20000300   BACK_COLOR
00001f75   C$$EXIT
000009c5   DisPlay
00000865   Draw_Circle
00001fed   GPIODirModeSet
00001993   GPIOPadConfigSet
00001e61   GPIOPinConfigure
0000208d   GPIOPinTypeGPIOInput
00002035   GPIOPinTypeGPIOOutput
0000209f   GPIOPinTypeUART
0000210d   GPIOPinWrite
00000319   Init_TFT
000016b5   Init_UART
000005c5   LCD_Clear
000006f7   LCD_DrawLine
00000627   LCD_DrawPoint
0000064f   LCD_DrawPoint_big
000007fd   LCD_DrawRectangle
00000685   LCD_Fill
00000ced   LCD_ShowChar
00000f01   LCD_ShowChar_D
00000e81   LCD_ShowString
00000297   LCD_WR_DATA
000002fb   LCD_WR_DATA8
000002c1   LCD_WR_REG
000002df   LCD_WR_REG_DATA
00000287   LCD_Writ_Bus
20000302   POINT_COLOR
00000bd5   RGB_Color
000020ed   ResetISR
UNDEFED    SHT$$INIT_ARRAY$$Base
UNDEFED    SHT$$INIT_ARRAY$$Limit
0000126f   SPI1_Init
0000109d   SPI1_RW
00001165   SPI1_RW_Reg
0000112b   SPI1_Read
000011a5   SPI1_Read_Buf
0000120b   SPI1_Write_Buf
000012bb   SPI2_Init
000012e5   SPI2_RW
000013b3   SPI2_RW_Reg
00001379   SPI2_Read
000013f3   SPI2_Read_Buf
00001459   SPI2_Write_Buf
20000304   Screen
0000102d   ScreenFlush
00001bc1   SysCtlClockGet
00002113   SysCtlDelay
20000000   TMP
00001747   UART0IntHandler
00001759   UART1IntHandler
20000100   UART1_Buffer
000017bb   UART1_Receive
0000176b   UART1_Send
20000200   UART2_Buffer
000017f7   UART2_Receive
00001793   UART2_Send
000020f9   UARTCharGet
00002103   UARTCharPut
000020e1   UARTCharsAvail
00001f35   UARTConfigSetExpClk
00002019   UARTDisable
00002065   UARTEnable
20000780   __STACK_END
00000200   __STACK_SIZE
20000780   __STACK_TOP
00002838   __TI_CINIT_Base
00002848   __TI_CINIT_Limit
00002824   __TI_Handler_Table_Base
00002830   __TI_Handler_Table_Limit
00000001   __TI_args_main
00001d25   __TI_auto_init
000020d3   __TI_decompress_none
00002119   __TI_decompress_rle24
00000000   __TI_static_base__
000020b1   __TI_zero_init
00001e17   __aeabi_d2f
0000185d   __aeabi_ddiv
00001ac3   __aeabi_dmul
00001fb5   __aeabi_f2d
00001c89   __aeabi_memcpy
00001c89   __aeabi_memcpy4
00001c89   __aeabi_memcpy8
ffffffff   __binit__
ffffffff   __c_args__
20000580   __stack
0000204d   _args_main
00001ea9   _c_int00
20000574   _cleanup_ptr
20000578   _dtors_ptr
2000056c   _lock
00002087   _nop
0000207f   _register_lock
00002079   _register_unlock
20000570   _unlock
00001f79   abort
00002120   asc2_1608
ffffffff   binit
00001ef1   copy_in
0000026d   delay_ms
00001f81   exit
00000000   g_pfnVectors
000014d5   main
2000057c   main_func_sp
00001c89   memcpy
000020c3   strcpy


GLOBAL SYMBOLS: SORTED BY Symbol Address 

address    name
--------   ----
00000000   __TI_static_base__
00000000   g_pfnVectors
00000001   __TI_args_main
00000200   __STACK_SIZE
0000026d   delay_ms
00000287   LCD_Writ_Bus
00000297   LCD_WR_DATA
000002c1   LCD_WR_REG
000002df   LCD_WR_REG_DATA
000002fb   LCD_WR_DATA8
00000319   Init_TFT
00000559   Address_set
000005c5   LCD_Clear
00000627   LCD_DrawPoint
0000064f   LCD_DrawPoint_big
00000685   LCD_Fill
000006f7   LCD_DrawLine
000007fd   LCD_DrawRectangle
00000865   Draw_Circle
000009c5   DisPlay
00000bd5   RGB_Color
00000ced   LCD_ShowChar
00000e81   LCD_ShowString
00000f01   LCD_ShowChar_D
0000102d   ScreenFlush
0000109d   SPI1_RW
0000112b   SPI1_Read
00001165   SPI1_RW_Reg
000011a5   SPI1_Read_Buf
0000120b   SPI1_Write_Buf
0000126f   SPI1_Init
000012bb   SPI2_Init
000012e5   SPI2_RW
00001379   SPI2_Read
000013b3   SPI2_RW_Reg
000013f3   SPI2_Read_Buf
00001459   SPI2_Write_Buf
000014d5   main
000016b5   Init_UART
00001747   UART0IntHandler
00001759   UART1IntHandler
0000176b   UART1_Send
00001793   UART2_Send
000017bb   UART1_Receive
000017f7   UART2_Receive
0000185d   __aeabi_ddiv
00001993   GPIOPadConfigSet
00001ac3   __aeabi_dmul
00001bc1   SysCtlClockGet
00001c89   __aeabi_memcpy
00001c89   __aeabi_memcpy4
00001c89   __aeabi_memcpy8
00001c89   memcpy
00001d25   __TI_auto_init
00001e17   __aeabi_d2f
00001e61   GPIOPinConfigure
00001ea9   _c_int00
00001ef1   copy_in
00001f35   UARTConfigSetExpClk
00001f75   C$$EXIT
00001f79   abort
00001f81   exit
00001fb5   __aeabi_f2d
00001fed   GPIODirModeSet
00002019   UARTDisable
00002035   GPIOPinTypeGPIOOutput
0000204d   _args_main
00002065   UARTEnable
00002079   _register_unlock
0000207f   _register_lock
00002087   _nop
0000208d   GPIOPinTypeGPIOInput
0000209f   GPIOPinTypeUART
000020b1   __TI_zero_init
000020c3   strcpy
000020d3   __TI_decompress_none
000020e1   UARTCharsAvail
000020ed   ResetISR
000020f9   UARTCharGet
00002103   UARTCharPut
0000210d   GPIOPinWrite
00002113   SysCtlDelay
00002119   __TI_decompress_rle24
00002120   asc2_1608
00002824   __TI_Handler_Table_Base
00002830   __TI_Handler_Table_Limit
00002838   __TI_CINIT_Base
00002848   __TI_CINIT_Limit
20000000   TMP
20000100   UART1_Buffer
20000200   UART2_Buffer
20000300   BACK_COLOR
20000302   POINT_COLOR
20000304   Screen
2000056c   _lock
20000570   _unlock
20000574   _cleanup_ptr
20000578   _dtors_ptr
2000057c   main_func_sp
20000580   __stack
20000780   __STACK_END
20000780   __STACK_TOP
ffffffff   __binit__
ffffffff   __c_args__
ffffffff   binit
UNDEFED    SHT$$INIT_ARRAY$$Base
UNDEFED    SHT$$INIT_ARRAY$$Limit

[107 symbols]
